2026-09-11 01:56:13,329 - ERROR - $^NSEI: 1m data not available for startTime=1785522600 and endTime=1786127400. The requested range must be within the last 30 days.
2026-09-11 01:56:13,339 - ERROR -
1 Failed download:
2026-09-11 01:56:13,339 - ERROR - ['^NSEI']: 1m data not available for startTime=1785522600 and endTime=1786127400. The requested range must be within the last 30 days.
2026-09-11 01:56:13,613 - ERROR - $^NSEI: 1m data not available for startTime=1786127400 and endTime=1786732200. The requested range must be within the last 30 days.
2026-09-11 01:56:13,618 - ERROR -
1 Failed download:
2026-09-11 01:56:13,619 - ERROR - ['^NSEI']: 1m data not available for startTime=1786127400 and endTime=1786732200. The requested range must be within the last 30 days.
2026-09-11 01:56:14,126 - INFO - Calculating indicators...
2026-09-11 01:56:14,152 - INFO - Starting backtest loop...
2026-09-11 01:56:14,202 - INFO -
================= BACKTEST SUMMARY =================
2026-09-11 01:56:14,202 - INFO - Initial Capital: 50000.00
2026-09-11 01:56:14,202 - INFO - Final Capital:   57073.37
2026-09-11 01:56:14,202 - INFO - Net PnL:         7073.37
2026-09-11 01:56:14,202 - INFO -
--- DETAILED TRADE LOG ---
2026-09-11 01:56:14,203 - INFO - Trade #1: NIFTY24250PE (Qty: 350) | Entry: 2026-08-17 10:17 @ ₹135.48 | Exit: 2026-08-17 10:50 @ ₹147.47 | Reason: Trailing Take Profit Hit | Net PnL: ₹4022.55
2026-09-11 01:56:14,203 - INFO - Trade #2: NIFTY24250CE (Qty: 450) | Entry: 2026-08-17 11:24 @ ₹109.15 | Exit: 2026-08-17 11:31 @ ₹111.48 | Reason: Break Even Hit | Net PnL: ₹879.94
2026-09-11 01:56:14,203 - INFO - Trade #3: NIFTY24250PE (Qty: 350) | Entry: 2026-08-17 11:35 @ ₹130.42 | Exit: 2026-08-17 11:48 @ ₹125.50 | Reason: SL Hit | Net PnL: ₹-1875.78
2026-09-11 01:56:14,203 - INFO - Trade #4: NIFTY24250PE (Qty: 300) | Entry: 2026-08-17 11:49 @ ₹150.59 | Exit: 2026-08-17 11:50 @ ₹145.08 | Reason: SL Hit | Net PnL: ₹-1810.72
2026-09-11 01:56:14,204 - INFO - Trade #5: NIFTY24300CE (Qty: 350) | Entry: 2026-08-17 12:17 @ ₹136.75 | Exit: 2026-08-17 12:57 @ ₹156.16 | Reason: Trailing Take Profit Hit | Net PnL: ₹6617.62
2026-09-11 01:56:14,204 - INFO - Trade #6: NIFTY24350CE (Qty: 300) | Entry: 2026-08-17 13:00 @ ₹164.84 | Exit: 2026-08-17 15:15 @ ₹162.86 | Reason: MIS Auto Square Off (15:15) | Net PnL: ₹-760.24
2026-09-11 01:56:14,204 - INFO - --------------------------

2026-09-11 01:56:14,205 - INFO - Total Trades:    6
2026-09-11 01:56:14,205 - INFO - Win Rate:        50.00%
2026-09-11 01:56:14,205 - INFO - Gross PnL:       8072.30
2026-09-11 01:56:14,205 - INFO - Total Taxes:     998.92
2026-09-11 01:56:14,205 - INFO - ====================================================

2026-09-11 01:56:14,207 - INFO - Calculating indicators...
2026-09-11 01:56:14,228 - INFO - Starting backtest loop...
2026-09-11 01:56:14,275 - INFO -
================= BACKTEST SUMMARY =================
2026-09-11 01:56:14,275 - INFO - Initial Capital: 57073.37
2026-09-11 01:56:14,275 - INFO - Final Capital:   46293.52
2026-09-11 01:56:14,275 - INFO - Net PnL:         -10779.85
2026-09-11 01:56:14,275 - INFO -
--- DETAILED TRADE LOG ---
2026-09-11 01:56:14,276 - INFO - Trade #1: NIFTY24200CE (Qty: 250) | Entry: 2026-08-18 09:47 @ ₹182.48 | Exit: 2026-08-18 09:55 @ ₹183.84 | Reason: Break Even Hit | Net PnL: ₹179.52
2026-09-11 01:56:14,276 - INFO - Trade #2: NIFTY24200CE (Qty: 450) | Entry: 2026-08-18 10:03 @ ₹114.07 | Exit: 2026-08-18 10:09 @ ₹115.30 | Reason: Break Even Hit | Net PnL: ₹375.40
2026-09-11 01:56:14,276 - INFO - Trade #3: NIFTY24200CE (Qty: 400) | Entry: 2026-08-18 10:17 @ ₹136.79 | Exit: 2026-08-18 10:39 @ ₹144.54 | Reason: Trailing Take Profit Hit | Net PnL: ₹2912.38
2026-09-11 01:56:14,277 - INFO - Trade #4: NIFTY24200PE (Qty: 400) | Entry: 2026-08-18 10:46 @ ₹134.33 | Exit: 2026-08-18 11:03 @ ₹134.67 | Reason: Break Even Hit | Net PnL: ₹-42.43
2026-09-11 01:56:14,277 - INFO - Trade #5: NIFTY24200PE (Qty: 450) | Entry: 2026-08-18 11:27 @ ₹123.52 | Exit: 2026-08-18 11:38 @ ₹116.34 | Reason: SL Hit | Net PnL: ₹-3407.22
2026-09-11 01:56:14,277 - INFO - Trade #6: NIFTY24200PE (Qty: 450) | Entry: 2026-08-18 11:47 @ ₹114.58 | Exit: 2026-08-18 11:50 @ ₹110.14 | Reason: SL Hit | Net PnL: ₹-2167.25
2026-09-11 01:56:14,277 - INFO - Trade #7: NIFTY24200CE (Qty: 500) | Entry: 2026-08-18 12:40 @ ₹103.39 | Exit: 2026-08-18 12:44 @ ₹98.81 | Reason: Momentum Override | Net PnL: ₹-2457.37
2026-09-11 01:56:14,277 - INFO - Trade #8: NIFTY24200PE (Qty: 250) | Entry: 2026-08-18 12:44 @ ₹172.93 | Exit: 2026-08-18 14:57 @ ₹163.28 | Reason: SL Hit | Net PnL: ₹-2560.76
2026-09-11 01:56:14,278 - INFO - Trade #9: NIFTY24250CE (Qty: 350) | Entry: 2026-08-18 15:00 @ ₹133.52 | Exit: 2026-08-18 15:03 @ ₹123.64 | Reason: Kill Switch Hit | Net PnL: ₹-3612.14
2026-09-11 01:56:14,278 - INFO - --------------------------

2026-09-11 01:56:14,279 - INFO - Total Trades:    9
2026-09-11 01:56:14,279 - INFO - Win Rate:        33.33%
2026-09-11 01:56:14,279 - INFO - Gross PnL:       -9253.85
2026-09-11 01:56:14,279 - INFO - Total Taxes:     1526.00
2026-09-11 01:56:14,279 - INFO - ====================================================

2026-09-11 01:56:14,281 - INFO - Calculating indicators...
2026-09-11 01:56:14,301 - INFO - Starting backtest loop...
2026-09-11 01:56:14,349 - INFO -
================= BACKTEST SUMMARY =================
2026-09-11 01:56:14,349 - INFO - Initial Capital: 46293.52
2026-09-11 01:56:14,349 - INFO - Final Capital:   46994.54
2026-09-11 01:56:14,349 - INFO - Net PnL:         701.02
2026-09-11 01:56:14,349 - INFO -
--- DETAILED TRADE LOG ---
2026-09-11 01:56:14,350 - INFO - Trade #1: NIFTY24050CE (Qty: 300) | Entry: 2026-08-19 09:36 @ ₹139.15 | Exit: 2026-08-19 09:40 @ ₹139.81 | Reason: Break Even Hit | Net PnL: ₹49.66
2026-09-11 01:56:14,350 - INFO - Trade #2: NIFTY24050PE (Qty: 250) | Entry: 2026-08-19 10:34 @ ₹174.44 | Exit: 2026-08-19 14:35 @ ₹175.18 | Reason: Break Even Hit | Net PnL: ₹31.18
2026-09-11 01:56:14,350 - INFO - Trade #3: NIFTY24050CE (Qty: 250) | Entry: 2026-08-19 15:07 @ ₹162.48 | Exit: 2026-08-19 15:15 @ ₹165.55 | Reason: MIS Auto Square Off (15:15) | Net PnL: ₹620.18
2026-09-11 01:56:14,350 - INFO - --------------------------

2026-09-11 01:56:14,351 - INFO - Total Trades:    3
2026-09-11 01:56:14,351 - INFO - Win Rate:        100.00%
2026-09-11 01:56:14,351 - INFO - Gross PnL:       1154.89
2026-09-11 01:56:14,351 - INFO - Total Taxes:     453.87
2026-09-11 01:56:14,351 - INFO - ====================================================

2026-09-11 01:56:14,353 - INFO - Calculating indicators...
2026-09-11 01:56:14,374 - INFO - Starting backtest loop...
2026-09-11 01:56:14,420 - INFO -
================= BACKTEST SUMMARY =================
2026-09-11 01:56:14,420 - INFO - Initial Capital: 46994.54
2026-09-11 01:56:14,420 - INFO - Final Capital:   41396.88
2026-09-11 01:56:14,420 - INFO - Net PnL:         -5597.67
2026-09-11 01:56:14,420 - INFO -
--- DETAILED TRADE LOG ---
2026-09-11 01:56:14,421 - INFO - Trade #1: NIFTY24200PE (Qty: 400) | Entry: 2026-08-20 10:12 @ ₹108.92 | Exit: 2026-08-20 10:15 @ ₹104.65 | Reason: SL Hit | Net PnL: ₹-1858.39
2026-09-11 01:56:14,421 - INFO - Trade #2: NIFTY24200CE (Qty: 250) | Entry: 2026-08-20 10:38 @ ₹145.72 | Exit: 2026-08-20 10:52 @ ₹146.72 | Reason: Break Even Hit | Net PnL: ₹112.65
2026-09-11 01:56:14,421 - INFO - Trade #3: NIFTY24200CE (Qty: 300) | Entry: 2026-08-20 11:14 @ ₹135.28 | Exit: 2026-08-20 11:22 @ ₹130.22 | Reason: SL Hit | Net PnL: ₹-1661.87
2026-09-11 01:56:14,421 - INFO - Trade #4: NIFTY24200CE (Qty: 250) | Entry: 2026-08-20 12:25 @ ₹165.40 | Exit: 2026-08-20 12:46 @ ₹170.33 | Reason: Momentum Override | Net PnL: ₹1080.17
2026-09-11 01:56:14,422 - INFO - Trade #5: NIFTY24200CE (Qty: 250) | Entry: 2026-08-20 12:46 @ ₹159.30 | Exit: 2026-08-20 12:53 @ ₹170.66 | Reason: Trailing Take Profit Hit | Net PnL: ₹2690.94
2026-09-11 01:56:14,422 - INFO - Trade #6: NIFTY24250PE (Qty: 250) | Entry: 2026-08-20 13:25 @ ₹156.60 | Exit: 2026-08-20 13:43 @ ₹157.60 | Reason: Break Even Hit | Net PnL: ₹105.95
2026-09-11 01:56:14,422 - INFO - Trade #7: NIFTY24250CE (Qty: 350) | Entry: 2026-08-20 13:54 @ ₹126.85 | Exit: 2026-08-20 14:02 @ ₹122.04 | Reason: SL Hit | Net PnL: ₹-1835.32
2026-09-11 01:56:14,422 - INFO - Trade #8: NIFTY24250CE (Qty: 250) | Entry: 2026-08-20 15:02 @ ₹166.17 | Exit: 2026-08-20 15:08 @ ₹160.18 | Reason: SL Hit | Net PnL: ₹-1642.99
2026-09-11 01:56:14,423 - INFO - Trade #9: NIFTY24200PE (Qty: 400) | Entry: 2026-08-20 15:11 @ ₹102.27 | Exit: 2026-08-20 15:13 @ ₹96.16 | Reason: SL Hit | Net PnL: ₹-2588.80
2026-09-11 01:56:14,423 - INFO - --------------------------

2026-09-11 01:56:14,424 - INFO - Total Trades:    9
2026-09-11 01:56:14,424 - INFO - Win Rate:        44.44%
2026-09-11 01:56:14,424 - INFO - Gross PnL:       -4275.32
2026-09-11 01:56:14,424 - INFO - Total Taxes:     1322.35
2026-09-11 01:56:14,424 - INFO - ====================================================

2026-09-11 01:56:14,426 - INFO - Calculating indicators...
2026-09-11 01:56:14,446 - INFO - Starting backtest loop...
2026-09-11 01:56:14,491 - INFO -
================= BACKTEST SUMMARY =================
2026-09-11 01:56:14,491 - INFO - Initial Capital: 41396.88
2026-09-11 01:56:14,491 - INFO - Final Capital:   33171.13
2026-09-11 01:56:14,491 - INFO - Net PnL:         -8225.74
2026-09-11 01:56:14,491 - INFO -
--- DETAILED TRADE LOG ---
2026-09-11 01:56:14,492 - INFO - Trade #1: NIFTY24250CE (Qty: 350) | Entry: 2026-08-21 09:53 @ ₹111.55 | Exit: 2026-08-21 10:07 @ ₹101.63 | Reason: SL Hit | Net PnL: ₹-3610.44
2026-09-11 01:56:14,492 - INFO - Trade #2: NIFTY24250CE (Qty: 250) | Entry: 2026-08-21 10:29 @ ₹126.51 | Exit: 2026-08-21 11:55 @ ₹119.19 | Reason: SL Hit | Net PnL: ₹-1953.10
2026-09-11 01:56:14,492 - INFO - Trade #3: NIFTY24250PE (Qty: 300) | Entry: 2026-08-21 12:14 @ ₹104.45 | Exit: 2026-08-21 13:08 @ ₹95.09 | Reason: SL Hit | Net PnL: ₹-2925.92
2026-09-11 01:56:14,492 - INFO - Trade #4: NIFTY24250CE (Qty: 250) | Entry: 2026-08-21 13:41 @ ₹117.85 | Exit: 2026-08-21 13:59 @ ₹118.85 | Reason: Break Even Hit | Net PnL: ₹129.80
2026-09-11 01:56:14,493 - INFO - Trade #5: NIFTY24250PE (Qty: 150) | Entry: 2026-08-21 14:22 @ ₹168.39 | Exit: 2026-08-21 15:15 @ ₹170.02 | Reason: MIS Auto Square Off (15:15) | Net PnL: ₹133.91
2026-09-11 01:56:14,493 - INFO - --------------------------

2026-09-11 01:56:14,494 - INFO - Total Trades:    5
2026-09-11 01:56:14,494 - INFO - Win Rate:        40.00%
2026-09-11 01:56:14,494 - INFO - Gross PnL:       -7617.90
2026-09-11 01:56:14,494 - INFO - Total Taxes:     607.84
2026-09-11 01:56:14,494 - INFO - ====================================================

2026-09-11 01:56:14,496 - INFO - Calculating indicators...
2026-09-11 01:56:14,517 - INFO - Starting backtest loop...
2026-09-11 01:56:14,563 - INFO -
================= BACKTEST SUMMARY =================
2026-09-11 01:56:14,563 - INFO - Initial Capital: 33171.13
2026-09-11 01:56:14,563 - INFO - Final Capital:   37235.73
2026-09-11 01:56:14,563 - INFO - Net PnL:         4064.60
2026-09-11 01:56:14,563 - INFO -
--- DETAILED TRADE LOG ---
2026-09-11 01:56:14,564 - INFO - Trade #1: NIFTY24250PE (Qty: 150) | Entry: 2026-08-24 09:58 @ ₹178.63 | Exit: 2026-08-24 11:42 @ ₹217.76 | Reason: Trailing Take Profit Hit | Net PnL: ₹5746.20
2026-09-11 01:56:14,564 - INFO - Trade #2: NIFTY24200PE (Qty: 250) | Entry: 2026-08-24 12:27 @ ₹123.57 | Exit: 2026-08-24 12:46 @ ₹129.07 | Reason: Trailing Take Profit Hit | Net PnL: ₹1247.96
2026-09-11 01:56:14,564 - INFO - Trade #3: NIFTY24150PE (Qty: 300) | Entry: 2026-08-24 13:05 @ ₹120.00 | Exit: 2026-08-24 13:19 @ ₹113.00 | Reason: SL Hit | Net PnL: ₹-2231.94
2026-09-11 01:56:14,565 - INFO - Trade #4: NIFTY24150CE (Qty: 250) | Entry: 2026-08-24 13:57 @ ₹121.31 | Exit: 2026-08-24 14:12 @ ₹116.67 | Reason: SL Hit | Net PnL: ₹-1279.58
2026-09-11 01:56:14,565 - INFO - Trade #5: NIFTY24150CE (Qty: 250) | Entry: 2026-08-24 14:13 @ ₹121.10 | Exit: 2026-08-24 14:39 @ ₹128.48 | Reason: Trailing Take Profit Hit | Net PnL: ₹1720.37
2026-09-11 01:56:14,565 - INFO - Trade #6: NIFTY24200PE (Qty: 350) | Entry: 2026-08-24 15:11 @ ₹100.76 | Exit: 2026-08-24 15:15 @ ₹97.88 | Reason: MIS Auto Square Off (15:15) | Net PnL: ₹-1138.42
2026-09-11 01:56:14,565 - INFO - --------------------------

2026-09-11 01:56:14,567 - INFO - Total Trades:    6
2026-09-11 01:56:14,567 - INFO - Win Rate:        50.00%
2026-09-11 01:56:14,567 - INFO - Gross PnL:       4823.36
2026-09-11 01:56:14,567 - INFO - Total Taxes:     758.76
2026-09-11 01:56:14,567 - INFO - ====================================================

2026-09-11 01:56:14,569 - INFO - Calculating indicators...
2026-09-11 01:56:14,589 - INFO - Starting backtest loop...
2026-09-11 01:56:14,639 - INFO -
================= BACKTEST SUMMARY =================
2026-09-11 01:56:14,640 - INFO - Initial Capital: 37235.73
2026-09-11 01:56:14,640 - INFO - Final Capital:   39134.02
2026-09-11 01:56:14,640 - INFO - Net PnL:         1898.29
2026-09-11 01:56:14,640 - INFO -
--- DETAILED TRADE LOG ---
2026-09-11 01:56:14,640 - INFO - Trade #1: NIFTY24150PE (Qty: 200) | Entry: 2026-08-25 09:52 @ ₹175.85 | Exit: 2026-08-25 10:33 @ ₹176.61 | Reason: Break Even Hit | Net PnL: ₹17.64
2026-09-11 01:56:14,641 - INFO - Trade #2: NIFTY24150PE (Qty: 300) | Entry: 2026-08-25 10:46 @ ₹115.62 | Exit: 2026-08-25 10:47 @ ₹111.15 | Reason: SL Hit | Net PnL: ₹-1470.71
2026-09-11 01:56:14,641 - INFO - Trade #3: NIFTY24150CE (Qty: 250) | Entry: 2026-08-25 10:51 @ ₹133.17 | Exit: 2026-08-25 11:02 @ ₹121.52 | Reason: SL Hit | Net PnL: ₹-3037.30
2026-09-11 01:56:14,641 - INFO - Trade #4: NIFTY24150PE (Qty: 300) | Entry: 2026-08-25 11:33 @ ₹98.43 | Exit: 2026-08-25 11:39 @ ₹100.77 | Reason: Break Even Hit | Net PnL: ₹578.81
2026-09-11 01:56:14,641 - INFO - Trade #5: NIFTY24150CE (Qty: 150) | Entry: 2026-08-25 11:48 @ ₹170.06 | Exit: 2026-08-25 11:58 @ ₹192.73 | Reason: Momentum Override | Net PnL: ₹3284.96
2026-09-11 01:56:14,641 - INFO - Trade #6: NIFTY24200CE (Qty: 200) | Entry: 2026-08-25 11:58 @ ₹159.65 | Exit: 2026-08-25 12:00 @ ₹150.67 | Reason: SL Hit | Net PnL: ₹-1919.04
2026-09-11 01:56:14,642 - INFO - Trade #7: NIFTY24150PE (Qty: 150) | Entry: 2026-08-25 13:01 @ ₹177.55 | Exit: 2026-08-25 13:53 @ ₹167.67 | Reason: SL Hit | Net PnL: ₹-1591.63
2026-09-11 01:56:14,642 - INFO - Trade #8: NIFTY24200CE (Qty: 150) | Entry: 2026-08-25 13:54 @ ₹163.85 | Exit: 2026-08-25 13:56 @ ₹154.66 | Reason: SL Hit | Net PnL: ₹-1484.05
2026-09-11 01:56:14,642 - INFO - Trade #9: NIFTY24150CE (Qty: 200) | Entry: 2026-08-25 14:27 @ ₹124.23 | Exit: 2026-08-25 14:34 @ ₹137.23 | Reason: Trailing Take Profit Hit | Net PnL: ₹2486.88
2026-09-11 01:56:14,642 - INFO - Trade #10: NIFTY24200CE (Qty: 250) | Entry: 2026-08-25 14:48 @ ₹118.88 | Exit: 2026-08-25 15:15 @ ₹139.53 | Reason: MIS Auto Square Off (15:15) | Net PnL: ₹5032.72
2026-09-11 01:56:14,642 - INFO - --------------------------

2026-09-11 01:56:14,644 - INFO - Total Trades:    10
2026-09-11 01:56:14,644 - INFO - Win Rate:        50.00%
2026-09-11 01:56:14,644 - INFO - Gross PnL:       3104.50
2026-09-11 01:56:14,644 - INFO - Total Taxes:     1206.21
2026-09-11 01:56:14,644 - INFO - ====================================================

2026-09-11 01:56:14,646 - INFO - Calculating indicators...
2026-09-11 01:56:14,666 - INFO - Starting backtest loop...
2026-09-11 01:56:14,714 - INFO -
================= BACKTEST SUMMARY =================
2026-09-11 01:56:14,714 - INFO - Initial Capital: 39134.02
2026-09-11 01:56:14,714 - INFO - Final Capital:   38219.05
2026-09-11 01:56:14,714 - INFO - Net PnL:         -914.98
2026-09-11 01:56:14,714 - INFO -
--- DETAILED TRADE LOG ---
2026-09-11 01:56:14,715 - INFO - Trade #1: NIFTY24350PE (Qty: 200) | Entry: 2026-08-26 09:40 @ ₹157.94 | Exit: 2026-08-26 09:44 @ ₹152.20 | Reason: SL Hit | Net PnL: ₹-1270.50
2026-09-11 01:56:14,715 - INFO - Trade #2: NIFTY24350PE (Qty: 250) | Entry: 2026-08-26 10:07 @ ₹129.39 | Exit: 2026-08-26 10:30 @ ₹146.74 | Reason: Trailing Take Profit Hit | Net PnL: ₹4204.04
2026-09-11 01:56:14,715 - INFO - Trade #3: NIFTY24300CE (Qty: 250) | Entry: 2026-08-26 11:04 @ ₹146.43 | Exit: 2026-08-26 11:16 @ ₹151.43 | Reason: Trailing Take Profit Hit | Net PnL: ₹1110.37
2026-09-11 01:56:14,716 - INFO - Trade #4: NIFTY24300CE (Qty: 400) | Entry: 2026-08-26 11:18 @ ₹98.76 | Exit: 2026-08-26 11:22 @ ₹94.80 | Reason: SL Hit | Net PnL: ₹-1726.69
2026-09-11 01:56:14,716 - INFO - Trade #5: NIFTY24300PE (Qty: 350) | Entry: 2026-08-26 11:53 @ ₹103.43 | Exit: 2026-08-26 12:14 @ ₹110.82 | Reason: Trailing Take Profit Hit | Net PnL: ₹2446.17
2026-09-11 01:56:14,716 - INFO - Trade #6: NIFTY24250CE (Qty: 250) | Entry: 2026-08-26 13:02 @ ₹143.55 | Exit: 2026-08-26 13:09 @ ₹146.55 | Reason: Break Even Hit | Net PnL: ₹613.06
2026-09-11 01:56:14,716 - INFO - Trade #7: NIFTY24250CE (Qty: 250) | Entry: 2026-08-26 13:14 @ ₹146.16 | Exit: 2026-08-26 13:17 @ ₹139.56 | Reason: Momentum Override | Net PnL: ₹-1784.03
2026-09-11 01:56:14,716 - INFO - Trade #8: NIFTY24250PE (Qty: 250) | Entry: 2026-08-26 13:17 @ ₹161.83 | Exit: 2026-08-26 14:12 @ ₹152.74 | Reason: SL Hit | Net PnL: ₹-2415.53
2026-09-11 01:56:14,716 - INFO - Trade #9: NIFTY24300PE (Qty: 350) | Entry: 2026-08-26 14:13 @ ₹109.32 | Exit: 2026-08-26 14:31 @ ₹109.99 | Reason: Break Even Hit | Net PnL: ₹91.61
2026-09-11 01:56:14,717 - INFO - Trade #10: NIFTY24300PE (Qty: 250) | Entry: 2026-08-26 14:45 @ ₹141.75 | Exit: 2026-08-26 14:50 @ ₹136.49 | Reason: SL Hit | Net PnL: ₹-1445.13
2026-09-11 01:56:14,717 - INFO - Trade #11: NIFTY24250PE (Qty: 300) | Entry: 2026-08-26 15:06 @ ₹114.62 | Exit: 2026-08-26 15:15 @ ₹112.59 | Reason: MIS Auto Square Off (15:15) | Net PnL: ₹-738.36
2026-09-11 01:56:14,717 - INFO - --------------------------

2026-09-11 01:56:14,718 - INFO - Total Trades:    11
2026-09-11 01:56:14,718 - INFO - Win Rate:        45.45%
2026-09-11 01:56:14,718 - INFO - Gross PnL:       583.25
2026-09-11 01:56:14,718 - INFO - Total Taxes:     1498.23
2026-09-11 01:56:14,718 - INFO - ====================================================

2026-09-11 01:56:14,720 - INFO - Calculating indicators...
2026-09-11 01:56:14,740 - INFO - Starting backtest loop...
2026-09-11 01:56:14,790 - INFO -
================= BACKTEST SUMMARY =================
2026-09-11 01:56:14,790 - INFO - Initial Capital: 38219.05
2026-09-11 01:56:14,791 - INFO - Final Capital:   36812.58
2026-09-11 01:56:14,791 - INFO - Net PnL:         -1406.46
2026-09-11 01:56:14,791 - INFO -
--- DETAILED TRADE LOG ---
2026-09-11 01:56:14,791 - INFO - Trade #1: NIFTY24200PE (Qty: 300) | Entry: 2026-08-27 10:00 @ ₹105.64 | Exit: 2026-08-27 11:33 @ ₹122.66 | Reason: Trailing Take Profit Hit | Net PnL: ₹4970.45
2026-09-11 01:56:14,791 - INFO - Trade #2: NIFTY24150PE (Qty: 300) | Entry: 2026-08-27 11:59 @ ₹132.35 | Exit: 2026-08-27 12:10 @ ₹138.30 | Reason: Trailing Take Profit Hit | Net PnL: ₹1639.12
2026-09-11 01:56:14,792 - INFO - Trade #3: NIFTY24150PE (Qty: 350) | Entry: 2026-08-27 12:36 @ ₹111.46 | Exit: 2026-08-27 12:38 @ ₹107.12 | Reason: SL Hit | Net PnL: ₹-1660.78
2026-09-11 01:56:14,792 - INFO - Trade #4: NIFTY24200CE (Qty: 350) | Entry: 2026-08-27 13:12 @ ₹116.56 | Exit: 2026-08-27 13:27 @ ₹109.73 | Reason: SL Hit | Net PnL: ₹-2533.03
2026-09-11 01:56:14,792 - INFO - Trade #5: NIFTY24200CE (Qty: 300) | Entry: 2026-08-27 13:28 @ ₹124.58 | Exit: 2026-08-27 13:32 @ ₹119.84 | Reason: SL Hit | Net PnL: ₹-1557.83
2026-09-11 01:56:14,792 - INFO - Trade #6: NIFTY24150CE (Qty: 300) | Entry: 2026-08-27 13:46 @ ₹119.57 | Exit: 2026-08-27 13:48 @ ₹109.75 | Reason: Momentum Override | Net PnL: ₹-3077.36
2026-09-11 01:56:14,792 - INFO - Trade #7: NIFTY24150PE (Qty: 300) | Entry: 2026-08-27 13:48 @ ₹104.97 | Exit: 2026-08-27 14:11 @ ₹107.39 | Reason: Break Even Hit | Net PnL: ₹600.02
2026-09-11 01:56:14,792 - INFO - Trade #8: NIFTY24150PE (Qty: 300) | Entry: 2026-08-27 15:01 @ ₹105.25 | Exit: 2026-08-27 15:07 @ ₹111.23 | Reason: Trailing Take Profit Hit | Net PnL: ₹1666.97
2026-09-11 01:56:14,793 - INFO - Trade #9: NIFTY24150CE (Qty: 300) | Entry: 2026-08-27 15:09 @ ₹113.90 | Exit: 2026-08-27 15:14 @ ₹109.49 | Reason: SL Hit | Net PnL: ₹-1454.01
2026-09-11 01:56:14,793 - INFO - --------------------------

2026-09-11 01:56:14,794 - INFO - Total Trades:    9
2026-09-11 01:56:14,794 - INFO - Win Rate:        44.44%
2026-09-11 01:56:14,794 - INFO - Gross PnL:       -190.02
2026-09-11 01:56:14,794 - INFO - Total Taxes:     1216.44
2026-09-11 01:56:14,794 - INFO - ====================================================

2026-09-11 01:56:14,796 - INFO - Calculating indicators...
2026-09-11 01:56:14,816 - INFO - Starting backtest loop...
2026-09-11 01:56:14,864 - INFO -
================= BACKTEST SUMMARY =================
2026-09-11 01:56:14,865 - INFO - Initial Capital: 36812.58
2026-09-11 01:56:14,865 - INFO - Final Capital:   26544.54
2026-09-11 01:56:14,865 - INFO - Net PnL:         -10268.04
2026-09-11 01:56:14,865 - INFO -
--- DETAILED TRADE LOG ---
2026-09-11 01:56:14,865 - INFO - Trade #1: NIFTY24150CE (Qty: 300) | Entry: 2026-08-28 09:43 @ ₹101.93 | Exit: 2026-08-28 09:51 @ ₹92.77 | Reason: SL Hit | Net PnL: ₹-2863.64
2026-09-11 01:56:14,866 - INFO - Trade #2: NIFTY24200CE (Qty: 200) | Entry: 2026-08-28 10:16 @ ₹150.72 | Exit: 2026-08-28 10:21 @ ₹142.19 | Reason: SL Hit | Net PnL: ₹-1825.50
2026-09-11 01:56:14,866 - INFO - Trade #3: NIFTY24150CE (Qty: 250) | Entry: 2026-08-28 11:07 @ ₹121.89 | Exit: 2026-08-28 11:09 @ ₹117.23 | Reason: SL Hit | Net PnL: ₹-1284.22
2026-09-11 01:56:14,866 - INFO - Trade #4: NIFTY24150CE (Qty: 200) | Entry: 2026-08-28 11:22 @ ₹121.22 | Exit: 2026-08-28 11:26 @ ₹112.09 | Reason: Momentum Override | Net PnL: ₹-1928.53
2026-09-11 01:56:14,866 - INFO - Trade #5: NIFTY24150PE (Qty: 200) | Entry: 2026-08-28 11:26 @ ₹125.55 | Exit: 2026-08-28 11:38 @ ₹137.15 | Reason: Trailing Take Profit Hit | Net PnL: ₹2207.15
2026-09-11 01:56:14,867 - INFO - Trade #6: NIFTY24100PE (Qty: 150) | Entry: 2026-08-28 11:56 @ ₹153.22 | Exit: 2026-08-28 13:22 @ ₹139.97 | Reason: SL Hit | Net PnL: ₹-2088.81
2026-09-11 01:56:14,867 - INFO - Trade #7: NIFTY24100PE (Qty: 150) | Entry: 2026-08-28 13:27 @ ₹170.86 | Exit: 2026-08-28 14:29 @ ₹161.31 | Reason: SL Hit | Net PnL: ₹-1539.09
2026-09-11 01:56:14,867 - INFO - Trade #8: NIFTY24100PE (Qty: 150) | Entry: 2026-08-28 14:31 @ ₹161.55 | Exit: 2026-08-28 14:49 @ ₹155.94 | Reason: Kill Switch Hit | Net PnL: ₹-945.40
2026-09-11 01:56:14,867 - INFO - --------------------------

2026-09-11 01:56:14,868 - INFO - Total Trades:    8
2026-09-11 01:56:14,868 - INFO - Win Rate:        12.50%
2026-09-11 01:56:14,868 - INFO - Gross PnL:       -9382.35
2026-09-11 01:56:14,868 - INFO - Total Taxes:     885.70
2026-09-11 01:56:14,868 - INFO - ====================================================

2026-09-11 01:56:14,870 - INFO - Calculating indicators...
2026-09-11 01:56:14,892 - INFO - Starting backtest loop...
2026-09-11 01:56:14,941 - INFO -
================= BACKTEST SUMMARY =================
2026-09-11 01:56:14,941 - INFO - Initial Capital: 26544.54
2026-09-11 01:56:14,941 - INFO - Final Capital:   22078.75
2026-09-11 01:56:14,941 - INFO - Net PnL:         -4465.79
2026-09-11 01:56:14,941 - INFO -
--- DETAILED TRADE LOG ---
2026-09-11 01:56:14,942 - INFO - Trade #1: NIFTY24050CE (Qty: 150) | Entry: 2026-08-31 09:45 @ ₹158.29 | Exit: 2026-08-31 09:56 @ ₹151.19 | Reason: Momentum Override | Net PnL: ₹-1168.78
2026-09-11 01:56:14,942 - INFO - Trade #2: NIFTY24000PE (Qty: 150) | Entry: 2026-08-31 09:56 @ ₹137.77 | Exit: 2026-08-31 10:00 @ ₹129.88 | Reason: SL Hit | Net PnL: ₹-1279.18
2026-09-11 01:56:14,942 - INFO - Trade #3: NIFTY24000CE (Qty: 100) | Entry: 2026-08-31 10:11 @ ₹155.38 | Exit: 2026-08-31 10:20 @ ₹150.88 | Reason: Momentum Override | Net PnL: ₹-534.63
2026-09-11 01:56:14,942 - INFO - Trade #4: NIFTY24000PE (Qty: 150) | Entry: 2026-08-31 10:20 @ ₹143.48 | Exit: 2026-08-31 10:26 @ ₹135.31 | Reason: SL Hit | Net PnL: ₹-1324.02
2026-09-11 01:56:14,943 - INFO - Trade #5: NIFTY24000PE (Qty: 150) | Entry: 2026-08-31 10:37 @ ₹115.18 | Exit: 2026-08-31 11:00 @ ₹108.42 | Reason: SL Hit | Net PnL: ₹-1101.71
2026-09-11 01:56:14,943 - INFO - Trade #6: NIFTY24000CE (Qty: 150) | Entry: 2026-08-31 11:09 @ ₹114.51 | Exit: 2026-08-31 11:47 @ ₹125.50 | Reason: Trailing Take Profit Hit | Net PnL: ₹1556.50
2026-09-11 01:56:14,943 - INFO - Trade #7: NIFTY24050CE (Qty: 150) | Entry: 2026-08-31 11:53 @ ₹122.11 | Exit: 2026-08-31 12:01 @ ₹130.41 | Reason: Break Even Hit | Net PnL: ₹1150.09
2026-09-11 01:56:14,943 - INFO - Trade #8: NIFTY24050CE (Qty: 100) | Entry: 2026-08-31 13:41 @ ₹173.94 | Exit: 2026-08-31 13:59 @ ₹167.72 | Reason: SL Hit | Net PnL: ₹-710.71
2026-09-11 01:56:14,943 - INFO - Trade #9: NIFTY24000PE (Qty: 150) | Entry: 2026-08-31 14:05 @ ₹143.13 | Exit: 2026-08-31 14:40 @ ₹130.68 | Reason: SL Hit | Net PnL: ₹-1964.19
2026-09-11 01:56:14,944 - INFO - Trade #10: NIFTY24050CE (Qty: 100) | Entry: 2026-08-31 14:42 @ ₹159.04 | Exit: 2026-08-31 14:49 @ ₹169.03 | Reason: Break Even Hit | Net PnL: ₹910.84
2026-09-11 01:56:14,944 - INFO - --------------------------

2026-09-11 01:56:14,945 - INFO - Total Trades:    10
2026-09-11 01:56:14,945 - INFO - Win Rate:        30.00%
2026-09-11 01:56:14,945 - INFO - Gross PnL:       -3534.97
2026-09-11 01:56:14,945 - INFO - Total Taxes:     930.82
2026-09-11 01:56:14,945 - INFO - ====================================================

Fetching Nifty data from 2026-08-01 to 2026-08-31 in chunks...
Downloading chunk: 2026-08-01 to 2026-08-08...
Downloading chunk: 2026-08-08 to 2026-08-15...
Downloading chunk: 2026-08-15 to 2026-08-22...
Downloading chunk: 2026-08-22 to 2026-08-29...
Downloading chunk: 2026-08-29 to 2026-09-01...

🚀 STARTING MULTI-DAY COMPOUNDING BACKTEST 🚀
Initial Starting Capital: ₹50000.00


==================================================
📅 Trading Day: 2026-08-17
💰 Starting Capital Today: ₹50000.00
==================================================

==================================================
📅 Trading Day: 2026-08-18
💰 Starting Capital Today: ₹57073.37
==================================================

==================================================
📅 Trading Day: 2026-08-19
💰 Starting Capital Today: ₹46293.52
==================================================

==================================================
📅 Trading Day: 2026-08-20
💰 Starting Capital Today: ₹46994.54
==================================================

==================================================
📅 Trading Day: 2026-08-21
💰 Starting Capital Today: ₹41396.88
==================================================

==================================================
📅 Trading Day: 2026-08-24
💰 Starting Capital Today: ₹33171.13
==================================================

==================================================
📅 Trading Day: 2026-08-25
💰 Starting Capital Today: ₹37235.73
==================================================

==================================================
📅 Trading Day: 2026-08-26
💰 Starting Capital Today: ₹39134.02
==================================================

==================================================
📅 Trading Day: 2026-08-27
💰 Starting Capital Today: ₹38219.05
==================================================

==================================================
📅 Trading Day: 2026-08-28
💰 Starting Capital Today: ₹36812.58
==================================================

==================================================
📅 Trading Day: 2026-08-31
💰 Starting Capital Today: ₹26544.54
==================================================

**************************************************
🏁 FINAL COMPOUNDING RESULTS 🏁
Total Return: -55.84%
Final Capital: ₹22078.75
**************************************************
