Fetching BankNifty data from 2026-08-01 to 2026-08-30 in chunks...
Downloading chunk: 2026-08-01 to 2026-08-08...
Downloading chunk: 2026-08-08 to 2026-08-15...
Downloading chunk: 2026-08-15 to 2026-08-22...
Downloading chunk: 2026-08-22 to 2026-08-29...
Downloading chunk: 2026-08-29 to 2026-08-31...

🚀 STARTING MULTI-DAY COMPOUNDING BACKTEST 🚀
Initial Starting Capital: ₹50000.00


==================================================
📅 Trading Day: 2026-08-17
💰 Starting Capital Today: ₹50000.00
==================================================

==================================================
📅 Trading Day: 2026-08-18
💰 Starting Capital Today: ₹81700.67
==================================================

==================================================
📅 Trading Day: 2026-08-19
💰 Starting Capital Today: ₹71357.24
==================================================

==================================================
📅 Trading Day: 2026-08-20
💰 Starting Capital Today: ₹76837.79
==================================================

==================================================
📅 Trading Day: 2026-08-21
💰 Starting Capital Today: ₹66368.83
==================================================

==================================================
📅 Trading Day: 2026-08-24
💰 Starting Capital Today: ₹55968.54
==================================================

==================================================
📅 Trading Day: 2026-08-25
💰 Starting Capital Today: ₹73330.01
==================================================

==================================================
📅 Trading Day: 2026-08-26
💰 Starting Capital Today: ₹71037.77
==================================================

==================================================
📅 Trading Day: 2026-08-27
💰 Starting Capital Today: ₹60608.40
==================================================

==================================================
📅 Trading Day: 2026-08-28
💰 Starting Capital Today: ₹50072.66
==================================================

**************************************************
🏁 FINAL COMPOUNDING RESULTS 🏁
Total Return: 2.04%
Final Capital: ₹51021.83
**************************************************
