Fetching BankNifty data from 2026-08-01 to 2026-09-16 in chunks...
Downloading chunk: 2026-08-01 to 2026-08-08...
Downloading chunk: 2026-08-08 to 2026-08-15...
Downloading chunk: 2026-08-15 to 2026-08-22...
Downloading chunk: 2026-08-22 to 2026-08-29...
Downloading chunk: 2026-08-29 to 2026-09-05...
Downloading chunk: 2026-09-05 to 2026-09-12...
Downloading chunk: 2026-09-12 to 2026-09-17...

🚀 STARTING MULTI-DAY COMPOUNDING BACKTEST 🚀
Initial Starting Capital: ₹50000.00


==================================================
📅 Trading Day: 2026-08-24
💰 Starting Capital Today: ₹50000.00
==================================================

==================================================
📅 Trading Day: 2026-08-25
💰 Starting Capital Today: ₹62774.30
==================================================

==================================================
📅 Trading Day: 2026-08-26
💰 Starting Capital Today: ₹60709.55
==================================================

==================================================
📅 Trading Day: 2026-08-27
💰 Starting Capital Today: ₹63307.36
==================================================

==================================================
📅 Trading Day: 2026-08-28
💰 Starting Capital Today: ₹52489.38
==================================================

==================================================
📅 Trading Day: 2026-08-31
💰 Starting Capital Today: ₹53429.02
==================================================

==================================================
📅 Trading Day: 2026-09-01
💰 Starting Capital Today: ₹60139.54
==================================================

==================================================
📅 Trading Day: 2026-09-02
💰 Starting Capital Today: ₹73455.57
==================================================

==================================================
📅 Trading Day: 2026-09-03
💰 Starting Capital Today: ₹62034.06
==================================================

==================================================
📅 Trading Day: 2026-09-04
💰 Starting Capital Today: ₹51503.37
==================================================

==================================================
📅 Trading Day: 2026-09-07
💰 Starting Capital Today: ₹54074.77
==================================================

==================================================
📅 Trading Day: 2026-09-08
💰 Starting Capital Today: ₹52518.35
==================================================

==================================================
📅 Trading Day: 2026-09-09
💰 Starting Capital Today: ₹57007.47
==================================================

==================================================
📅 Trading Day: 2026-09-10
💰 Starting Capital Today: ₹74210.96
==================================================

==================================================
📅 Trading Day: 2026-09-11
💰 Starting Capital Today: ₹63225.49
==================================================

==================================================
📅 Trading Day: 2026-09-15
💰 Starting Capital Today: ₹78223.06
==================================================

==================================================
📅 Trading Day: 2026-09-16
💰 Starting Capital Today: ₹75908.52
==================================================

**************************************************
🏁 FINAL COMPOUNDING RESULTS 🏁
Total Return: 52.30%
Final Capital: ₹76152.39
**************************************************
