Fetching BankNifty data from 2026-09-01 to 2026-09-10 in chunks...
Downloading chunk: 2026-09-01 to 2026-09-08...
Downloading chunk: 2026-09-08 to 2026-09-11...

🚀 STARTING MULTI-DAY COMPOUNDING BACKTEST 🚀
Initial Starting Capital: ₹50000.00


==================================================
📅 Trading Day: 2026-09-01
💰 Starting Capital Today: ₹50000.00
==================================================

==================================================
📅 Trading Day: 2026-09-02
💰 Starting Capital Today: ₹70190.14
==================================================

==================================================
📅 Trading Day: 2026-09-03
💰 Starting Capital Today: ₹59624.45
==================================================

==================================================
📅 Trading Day: 2026-09-04
💰 Starting Capital Today: ₹49120.09
==================================================

==================================================
📅 Trading Day: 2026-09-07
💰 Starting Capital Today: ₹45798.23
==================================================

==================================================
📅 Trading Day: 2026-09-08
💰 Starting Capital Today: ₹38005.41
==================================================

==================================================
📅 Trading Day: 2026-09-09
💰 Starting Capital Today: ₹47616.56
==================================================

==================================================
📅 Trading Day: 2026-09-10
💰 Starting Capital Today: ₹65272.20
==================================================

**************************************************
🏁 FINAL COMPOUNDING RESULTS 🏁
Total Return: 8.89%
Final Capital: ₹54445.45
**************************************************
