Fetching Nifty data from 2026-08-01 to 2026-09-16 in chunks...
Downloading chunk: 2026-08-01 to 2026-08-08...
Downloading chunk: 2026-08-08 to 2026-08-15...
Downloading chunk: 2026-08-15 to 2026-08-22...
Downloading chunk: 2026-08-22 to 2026-08-29...
Downloading chunk: 2026-08-29 to 2026-09-05...
Downloading chunk: 2026-09-05 to 2026-09-12...
Downloading chunk: 2026-09-12 to 2026-09-17...

🚀 STARTING MULTI-DAY COMPOUNDING BACKTEST 🚀
Initial Starting Capital: ₹50000.00


==================================================
📅 Trading Day: 2026-08-24
💰 Starting Capital Today: ₹50000.00
==================================================

==================================================
📅 Trading Day: 2026-08-25
💰 Starting Capital Today: ₹55573.61
==================================================

==================================================
📅 Trading Day: 2026-08-26
💰 Starting Capital Today: ₹62595.66
==================================================

==================================================
📅 Trading Day: 2026-08-27
💰 Starting Capital Today: ₹66690.18
==================================================

==================================================
📅 Trading Day: 2026-08-28
💰 Starting Capital Today: ₹58283.73
==================================================

==================================================
📅 Trading Day: 2026-08-31
💰 Starting Capital Today: ₹47599.86
==================================================

==================================================
📅 Trading Day: 2026-09-01
💰 Starting Capital Today: ₹45571.38
==================================================

==================================================
📅 Trading Day: 2026-09-02
💰 Starting Capital Today: ₹68852.44
==================================================

==================================================
📅 Trading Day: 2026-09-03
💰 Starting Capital Today: ₹71345.60
==================================================

==================================================
📅 Trading Day: 2026-09-04
💰 Starting Capital Today: ₹73446.32
==================================================

==================================================
📅 Trading Day: 2026-09-07
💰 Starting Capital Today: ₹73059.21
==================================================

==================================================
📅 Trading Day: 2026-09-08
💰 Starting Capital Today: ₹71565.20
==================================================

==================================================
📅 Trading Day: 2026-09-09
💰 Starting Capital Today: ₹68600.73
==================================================

==================================================
📅 Trading Day: 2026-09-10
💰 Starting Capital Today: ₹105173.78
==================================================

==================================================
📅 Trading Day: 2026-09-11
💰 Starting Capital Today: ₹89128.57
==================================================

==================================================
📅 Trading Day: 2026-09-15
💰 Starting Capital Today: ₹98299.44
==================================================

==================================================
📅 Trading Day: 2026-09-16
💰 Starting Capital Today: ₹130660.82
==================================================

**************************************************
🏁 FINAL COMPOUNDING RESULTS 🏁
Total Return: 127.94%
Final Capital: ₹113971.81
**************************************************
