2026-09-11 01:56:35,057 - ERROR - $^NSEI: Data doesn't exist for startDate = 1789410600, endDate = 1790015400
2026-09-11 01:56:35,066 - ERROR -
1 Failed download:
2026-09-11 01:56:35,066 - ERROR - ['^NSEI']: Data doesn't exist for startDate = 1789410600, endDate = 1790015400
2026-09-11 01:56:35,454 - ERROR - $^NSEI: Data doesn't exist for startDate = 1790015400, endDate = 1790620200
2026-09-11 01:56:35,459 - ERROR -
1 Failed download:
2026-09-11 01:56:35,459 - ERROR - ['^NSEI']: Data doesn't exist for startDate = 1790015400, endDate = 1790620200
2026-09-11 01:56:35,844 - ERROR - $^NSEI: Data doesn't exist for startDate = 1790620200, endDate = 1790793000
2026-09-11 01:56:35,852 - ERROR -
1 Failed download:
2026-09-11 01:56:35,852 - ERROR - ['^NSEI']: Data doesn't exist for startDate = 1790620200, endDate = 1790793000
2026-09-11 01:56:35,861 - INFO - Calculating indicators...
2026-09-11 01:56:35,884 - INFO - Starting backtest loop...
2026-09-11 01:56:35,940 - INFO -
================= BACKTEST SUMMARY =================
2026-09-11 01:56:35,940 - INFO - Initial Capital: 50000.00
2026-09-11 01:56:35,940 - INFO - Final Capital:   61917.37
2026-09-11 01:56:35,940 - INFO - Net PnL:         11917.37
2026-09-11 01:56:35,940 - INFO -
--- DETAILED TRADE LOG ---
2026-09-11 01:56:35,941 - INFO - Trade #1: NIFTY24000PE (Qty: 250) | Entry: 2026-09-01 09:46 @ ₹160.50 | Exit: 2026-09-01 10:12 @ ₹151.47 | Reason: SL Hit | Net PnL: ₹-2398.07
2026-09-11 01:56:35,941 - INFO - Trade #2: NIFTY24050PE (Qty: 250) | Entry: 2026-09-01 10:16 @ ₹174.49 | Exit: 2026-09-01 10:23 @ ₹167.69 | Reason: Momentum Override | Net PnL: ₹-1851.66
2026-09-11 01:56:35,941 - INFO - Trade #3: NIFTY24050CE (Qty: 200) | Entry: 2026-09-01 10:23 @ ₹177.31 | Exit: 2026-09-01 11:34 @ ₹210.69 | Reason: Trailing Take Profit Hit | Net PnL: ₹6528.76
2026-09-11 01:56:35,941 - INFO - Trade #4: NIFTY24150PE (Qty: 300) | Entry: 2026-09-01 12:06 @ ₹146.24 | Exit: 2026-09-01 12:10 @ ₹143.34 | Reason: Momentum Override | Net PnL: ₹-1023.43
2026-09-11 01:56:35,942 - INFO - Trade #5: NIFTY24150CE (Qty: 350) | Entry: 2026-09-01 12:10 @ ₹127.68 | Exit: 2026-09-01 12:15 @ ₹120.30 | Reason: SL Hit | Net PnL: ₹-2736.87
2026-09-11 01:56:35,942 - INFO - Trade #6: NIFTY24050PE (Qty: 250) | Entry: 2026-09-01 13:10 @ ₹163.63 | Exit: 2026-09-01 14:29 @ ₹209.31 | Reason: Trailing Take Profit Hit | Net PnL: ₹11251.34
2026-09-11 01:56:35,942 - INFO - Trade #7: NIFTY24000PE (Qty: 450) | Entry: 2026-09-01 14:55 @ ₹118.02 | Exit: 2026-09-01 15:01 @ ₹119.24 | Reason: Break Even Hit | Net PnL: ₹371.03
2026-09-11 01:56:35,942 - INFO - Trade #8: NIFTY23950CE (Qty: 350) | Entry: 2026-09-01 15:12 @ ₹144.19 | Exit: 2026-09-01 15:15 @ ₹149.76 | Reason: MIS Auto Square Off (15:15) | Net PnL: ₹1776.28
2026-09-11 01:56:35,942 - INFO - --------------------------

2026-09-11 01:56:35,944 - INFO - Total Trades:    8
2026-09-11 01:56:35,944 - INFO - Win Rate:        50.00%
2026-09-11 01:56:35,944 - INFO - Gross PnL:       13186.49
2026-09-11 01:56:35,944 - INFO - Total Taxes:     1269.12
2026-09-11 01:56:35,944 - INFO - ====================================================

2026-09-11 01:56:35,945 - INFO - Calculating indicators...
2026-09-11 01:56:35,966 - INFO - Starting backtest loop...
2026-09-11 01:56:36,020 - INFO -
================= BACKTEST SUMMARY =================
2026-09-11 01:56:36,021 - INFO - Initial Capital: 61917.37
2026-09-11 01:56:36,021 - INFO - Final Capital:   61893.37
2026-09-11 01:56:36,021 - INFO - Net PnL:         -24.01
2026-09-11 01:56:36,021 - INFO -
--- DETAILED TRADE LOG ---
2026-09-11 01:56:36,022 - INFO - Trade #1: NIFTY23850PE (Qty: 450) | Entry: 2026-09-02 09:59 @ ₹126.34 | Exit: 2026-09-02 10:07 @ ₹120.64 | Reason: Momentum Override | Net PnL: ₹-2747.53
2026-09-11 01:56:36,022 - INFO - Trade #2: NIFTY23850CE (Qty: 350) | Entry: 2026-09-02 10:07 @ ₹151.28 | Exit: 2026-09-02 10:11 @ ₹142.71 | Reason: SL Hit | Net PnL: ₹-3169.40
2026-09-11 01:56:36,022 - INFO - Trade #3: NIFTY23850CE (Qty: 450) | Entry: 2026-09-02 10:20 @ ₹116.54 | Exit: 2026-09-02 10:38 @ ₹120.63 | Reason: Break Even Hit | Net PnL: ₹1664.50
2026-09-11 01:56:36,022 - INFO - Trade #4: NIFTY23850PE (Qty: 450) | Entry: 2026-09-02 11:05 @ ₹112.33 | Exit: 2026-09-02 11:39 @ ₹120.27 | Reason: Trailing Take Profit Hit | Net PnL: ₹3399.01
2026-09-11 01:56:36,023 - INFO - Trade #5: NIFTY23800CE (Qty: 300) | Entry: 2026-09-02 12:03 @ ₹172.74 | Exit: 2026-09-02 12:18 @ ₹185.16 | Reason: Trailing Take Profit Hit | Net PnL: ₹3545.97
2026-09-11 01:56:36,023 - INFO - Trade #6: NIFTY23850CE (Qty: 500) | Entry: 2026-09-02 12:32 @ ₹104.90 | Exit: 2026-09-02 12:45 @ ₹105.07 | Reason: Break Even Hit | Net PnL: ₹-92.83
2026-09-11 01:56:36,023 - INFO - Trade #7: NIFTY23850CE (Qty: 400) | Entry: 2026-09-02 12:59 @ ₹138.75 | Exit: 2026-09-02 13:39 @ ₹139.14 | Reason: Break Even Hit | Net PnL: ₹-29.13
2026-09-11 01:56:36,023 - INFO - Trade #8: NIFTY23900PE (Qty: 500) | Entry: 2026-09-02 14:08 @ ₹115.03 | Exit: 2026-09-02 14:27 @ ₹120.87 | Reason: Trailing Take Profit Hit | Net PnL: ₹2724.82
2026-09-11 01:56:36,023 - INFO - Trade #9: NIFTY23900PE (Qty: 500) | Entry: 2026-09-02 14:31 @ ₹99.83 | Exit: 2026-09-02 14:32 @ ₹95.84 | Reason: SL Hit | Net PnL: ₹-2163.93
2026-09-11 01:56:36,024 - INFO - Trade #10: NIFTY23900CE (Qty: 500) | Entry: 2026-09-02 14:33 @ ₹99.65 | Exit: 2026-09-02 14:38 @ ₹93.66 | Reason: SL Hit | Net PnL: ₹-3155.49
2026-09-11 01:56:36,024 - INFO - --------------------------

2026-09-11 01:56:36,025 - INFO - Total Trades:    10
2026-09-11 01:56:36,025 - INFO - Win Rate:        40.00%
2026-09-11 01:56:36,025 - INFO - Gross PnL:       1755.63
2026-09-11 01:56:36,025 - INFO - Total Taxes:     1779.64
2026-09-11 01:56:36,025 - INFO - ====================================================

2026-09-11 01:56:36,027 - INFO - Calculating indicators...
2026-09-11 01:56:36,047 - INFO - Starting backtest loop...
2026-09-11 01:56:36,098 - INFO -
================= BACKTEST SUMMARY =================
2026-09-11 01:56:36,098 - INFO - Initial Capital: 61893.37
2026-09-11 01:56:36,098 - INFO - Final Capital:   61456.37
2026-09-11 01:56:36,098 - INFO - Net PnL:         -437.00
2026-09-11 01:56:36,098 - INFO -
--- DETAILED TRADE LOG ---
2026-09-11 01:56:36,099 - INFO - Trade #1: NIFTY24000PE (Qty: 500) | Entry: 2026-09-03 09:42 @ ₹111.77 | Exit: 2026-09-03 09:44 @ ₹107.41 | Reason: SL Hit | Net PnL: ₹-2357.26
2026-09-11 01:56:36,099 - INFO - Trade #2: NIFTY24000PE (Qty: 300) | Entry: 2026-09-03 10:31 @ ₹169.68 | Exit: 2026-09-03 11:17 @ ₹191.01 | Reason: Trailing Take Profit Hit | Net PnL: ₹6216.75
2026-09-11 01:56:36,099 - INFO - Trade #3: NIFTY23950PE (Qty: 500) | Entry: 2026-09-03 12:09 @ ₹120.37 | Exit: 2026-09-03 12:52 @ ₹124.16 | Reason: Break Even Hit | Net PnL: ₹1694.92
2026-09-11 01:56:36,099 - INFO - Trade #4: NIFTY23950PE (Qty: 350) | Entry: 2026-09-03 13:18 @ ₹176.34 | Exit: 2026-09-03 13:26 @ ₹187.64 | Reason: Trailing Take Profit Hit | Net PnL: ₹3748.45
2026-09-11 01:56:36,100 - INFO - Trade #5: NIFTY23900PE (Qty: 450) | Entry: 2026-09-03 13:47 @ ₹145.23 | Exit: 2026-09-03 13:49 @ ₹136.97 | Reason: SL Hit | Net PnL: ₹-3918.99
2026-09-11 01:56:36,100 - INFO - Trade #6: NIFTY23900PE (Qty: 450) | Entry: 2026-09-03 14:21 @ ₹133.23 | Exit: 2026-09-03 14:26 @ ₹133.34 | Reason: Break Even Hit | Net PnL: ₹-144.89
2026-09-11 01:56:36,100 - INFO - Trade #7: NIFTY23900PE (Qty: 400) | Entry: 2026-09-03 14:29 @ ₹145.25 | Exit: 2026-09-03 14:34 @ ₹145.50 | Reason: Break Even Hit | Net PnL: ₹-90.43
2026-09-11 01:56:36,100 - INFO - Trade #8: NIFTY23900CE (Qty: 450) | Entry: 2026-09-03 14:56 @ ₹139.84 | Exit: 2026-09-03 15:00 @ ₹134.65 | Reason: SL Hit | Net PnL: ₹-2535.70
2026-09-11 01:56:36,100 - INFO - Trade #9: NIFTY23900PE (Qty: 350) | Entry: 2026-09-03 15:04 @ ₹160.00 | Exit: 2026-09-03 15:15 @ ₹151.80 | Reason: MIS Auto Square Off (15:15) | Net PnL: ₹-3049.86
2026-09-11 01:56:36,101 - INFO - --------------------------

2026-09-11 01:56:36,102 - INFO - Total Trades:    9
2026-09-11 01:56:36,102 - INFO - Win Rate:        33.33%
2026-09-11 01:56:36,102 - INFO - Gross PnL:       1297.58
2026-09-11 01:56:36,102 - INFO - Total Taxes:     1734.58
2026-09-11 01:56:36,102 - INFO - ====================================================

2026-09-11 01:56:36,103 - INFO - Calculating indicators...
2026-09-11 01:56:36,124 - INFO - Starting backtest loop...
2026-09-11 01:56:36,174 - INFO -
================= BACKTEST SUMMARY =================
2026-09-11 01:56:36,174 - INFO - Initial Capital: 61456.37
2026-09-11 01:56:36,174 - INFO - Final Capital:   71753.59
2026-09-11 01:56:36,174 - INFO - Net PnL:         10297.22
2026-09-11 01:56:36,174 - INFO -
--- DETAILED TRADE LOG ---
2026-09-11 01:56:36,175 - INFO - Trade #1: NIFTY23900CE (Qty: 450) | Entry: 2026-09-04 09:36 @ ₹120.23 | Exit: 2026-09-04 09:51 @ ₹137.58 | Reason: Momentum Override | Net PnL: ₹7612.99
2026-09-11 01:56:36,175 - INFO - Trade #2: NIFTY23950CE (Qty: 500) | Entry: 2026-09-04 09:51 @ ₹126.33 | Exit: 2026-09-04 10:09 @ ₹129.89 | Reason: Break Even Hit | Net PnL: ₹1574.26
2026-09-11 01:56:36,175 - INFO - Trade #3: NIFTY23950CE (Qty: 350) | Entry: 2026-09-04 10:29 @ ₹171.85 | Exit: 2026-09-04 11:42 @ ₹182.79 | Reason: Trailing Take Profit Hit | Net PnL: ₹3626.98
2026-09-11 01:56:36,175 - INFO - Trade #4: NIFTY24000CE (Qty: 400) | Entry: 2026-09-04 11:59 @ ₹176.35 | Exit: 2026-09-04 12:03 @ ₹170.06 | Reason: SL Hit | Net PnL: ₹-2732.39
2026-09-11 01:56:36,175 - INFO - Trade #5: NIFTY23950PE (Qty: 350) | Entry: 2026-09-04 12:22 @ ₹171.56 | Exit: 2026-09-04 15:15 @ ₹172.74 | Reason: MIS Auto Square Off (15:15) | Net PnL: ₹215.39
2026-09-11 01:56:36,176 - INFO - --------------------------

2026-09-11 01:56:36,177 - INFO - Total Trades:    5
2026-09-11 01:56:36,177 - INFO - Win Rate:        80.00%
2026-09-11 01:56:36,177 - INFO - Gross PnL:       11312.34
2026-09-11 01:56:36,177 - INFO - Total Taxes:     1015.12
2026-09-11 01:56:36,177 - INFO - ====================================================

2026-09-11 01:56:36,178 - INFO - Calculating indicators...
2026-09-11 01:56:36,199 - INFO - Starting backtest loop...
2026-09-11 01:56:36,253 - INFO -
================= BACKTEST SUMMARY =================
2026-09-11 01:56:36,253 - INFO - Initial Capital: 71753.59
2026-09-11 01:56:36,253 - INFO - Final Capital:   87074.59
2026-09-11 01:56:36,253 - INFO - Net PnL:         15321.00
2026-09-11 01:56:36,253 - INFO -
--- DETAILED TRADE LOG ---
2026-09-11 01:56:36,254 - INFO - Trade #1: NIFTY23850PE (Qty: 500) | Entry: 2026-09-07 09:52 @ ₹131.28 | Exit: 2026-09-07 10:21 @ ₹142.61 | Reason: Trailing Take Profit Hit | Net PnL: ₹5447.19
2026-09-11 01:56:36,254 - INFO - Trade #2: NIFTY23800PE (Qty: 450) | Entry: 2026-09-07 10:49 @ ₹161.17 | Exit: 2026-09-07 11:43 @ ₹172.89 | Reason: Trailing Take Profit Hit | Net PnL: ₹5039.70
2026-09-11 01:56:36,254 - INFO - Trade #3: NIFTY23800PE (Qty: 500) | Entry: 2026-09-07 11:54 @ ₹135.74 | Exit: 2026-09-07 11:58 @ ₹135.74 | Reason: Break Even Hit | Net PnL: ₹-214.30
2026-09-11 01:56:36,254 - INFO - Trade #4: NIFTY23800PE (Qty: 500) | Entry: 2026-09-07 12:07 @ ₹137.52 | Exit: 2026-09-07 12:28 @ ₹144.95 | Reason: Momentum Override | Net PnL: ₹3489.08
2026-09-11 01:56:36,255 - INFO - Trade #5: NIFTY23750PE (Qty: 500) | Entry: 2026-09-07 12:28 @ ₹113.07 | Exit: 2026-09-07 13:02 @ ₹119.69 | Reason: Trailing Take Profit Hit | Net PnL: ₹3116.01
2026-09-11 01:56:36,255 - INFO - Trade #6: NIFTY23750PE (Qty: 500) | Entry: 2026-09-07 13:20 @ ₹145.17 | Exit: 2026-09-07 13:46 @ ₹139.81 | Reason: SL Hit | Net PnL: ₹-2898.50
2026-09-11 01:56:36,255 - INFO - Trade #7: NIFTY23750PE (Qty: 500) | Entry: 2026-09-07 13:48 @ ₹111.54 | Exit: 2026-09-07 13:53 @ ₹107.19 | Reason: SL Hit | Net PnL: ₹-2353.57
2026-09-11 01:56:36,255 - INFO - Trade #8: NIFTY23750PE (Qty: 500) | Entry: 2026-09-07 14:39 @ ₹123.65 | Exit: 2026-09-07 15:13 @ ₹131.45 | Reason: Trailing Take Profit Hit | Net PnL: ₹3695.40
2026-09-11 01:56:36,255 - INFO - --------------------------

2026-09-11 01:56:36,256 - INFO - Total Trades:    8
2026-09-11 01:56:36,256 - INFO - Win Rate:        62.50%
2026-09-11 01:56:36,257 - INFO - Gross PnL:       17013.88
2026-09-11 01:56:36,257 - INFO - Total Taxes:     1692.87
2026-09-11 01:56:36,257 - INFO - ====================================================

2026-09-11 01:56:36,258 - INFO - Calculating indicators...
2026-09-11 01:56:36,279 - INFO - Starting backtest loop...
2026-09-11 01:56:36,316 - INFO -
================= BACKTEST SUMMARY =================
2026-09-11 01:56:36,316 - INFO - Initial Capital: 87074.59
2026-09-11 01:56:36,316 - INFO - Final Capital:   76077.90
2026-09-11 01:56:36,316 - INFO - Net PnL:         -10996.70
2026-09-11 01:56:36,316 - INFO -
--- DETAILED TRADE LOG ---
2026-09-11 01:56:36,317 - INFO - Trade #1: NIFTY23650PE (Qty: 450) | Entry: 2026-09-08 09:58 @ ₹166.50 | Exit: 2026-09-08 10:12 @ ₹157.18 | Reason: SL Hit | Net PnL: ₹-4420.24
2026-09-11 01:56:36,317 - INFO - Trade #2: NIFTY23700CE (Qty: 500) | Entry: 2026-09-08 10:13 @ ₹112.97 | Exit: 2026-09-08 10:35 @ ₹106.32 | Reason: SL Hit | Net PnL: ₹-3504.43
2026-09-11 01:56:36,317 - INFO - Trade #3: NIFTY23650CE (Qty: 500) | Entry: 2026-09-08 10:40 @ ₹101.58 | Exit: 2026-09-08 10:52 @ ₹111.36 | Reason: Trailing Take Profit Hit | Net PnL: ₹4709.37
2026-09-11 01:56:36,317 - INFO - Trade #4: NIFTY23650PE (Qty: 500) | Entry: 2026-09-08 11:00 @ ₹101.39 | Exit: 2026-09-08 11:08 @ ₹95.32 | Reason: SL Hit | Net PnL: ₹-3201.09
2026-09-11 01:56:36,317 - INFO - Trade #5: NIFTY23650PE (Qty: 400) | Entry: 2026-09-08 12:01 @ ₹173.48 | Exit: 2026-09-08 12:36 @ ₹162.56 | Reason: Kill Switch Hit | Net PnL: ₹-4580.31
2026-09-11 01:56:36,318 - INFO - --------------------------

2026-09-11 01:56:36,319 - INFO - Total Trades:    5
2026-09-11 01:56:36,319 - INFO - Win Rate:        20.00%
2026-09-11 01:56:36,319 - INFO - Gross PnL:       -10034.95
2026-09-11 01:56:36,319 - INFO - Total Taxes:     961.75
2026-09-11 01:56:36,319 - INFO - ====================================================

2026-09-11 01:56:36,320 - INFO - Calculating indicators...
2026-09-11 01:56:36,340 - INFO - Starting backtest loop...
2026-09-11 01:56:36,394 - INFO -
================= BACKTEST SUMMARY =================
2026-09-11 01:56:36,394 - INFO - Initial Capital: 76077.90
2026-09-11 01:56:36,394 - INFO - Final Capital:   91019.78
2026-09-11 01:56:36,394 - INFO - Net PnL:         14941.89
2026-09-11 01:56:36,394 - INFO -
--- DETAILED TRADE LOG ---
2026-09-11 01:56:36,395 - INFO - Trade #1: NIFTY23550PE (Qty: 500) | Entry: 2026-09-09 09:40 @ ₹136.88 | Exit: 2026-09-09 09:43 @ ₹136.88 | Reason: Break Even Hit | Net PnL: ₹-215.69
2026-09-11 01:56:36,395 - INFO - Trade #2: NIFTY23450PE (Qty: 500) | Entry: 2026-09-09 10:00 @ ₹128.53 | Exit: 2026-09-09 10:15 @ ₹121.11 | Reason: SL Hit | Net PnL: ₹-3911.88
2026-09-11 01:56:36,395 - INFO - Trade #3: NIFTY23500CE (Qty: 400) | Entry: 2026-09-09 10:19 @ ₹161.81 | Exit: 2026-09-09 10:35 @ ₹163.50 | Reason: Break Even Hit | Net PnL: ₹468.86
2026-09-11 01:56:36,395 - INFO - Trade #4: NIFTY23500CE (Qty: 400) | Entry: 2026-09-09 11:23 @ ₹163.86 | Exit: 2026-09-09 11:46 @ ₹166.61 | Reason: Break Even Hit | Net PnL: ₹889.40
2026-09-11 01:56:36,396 - INFO - Trade #5: NIFTY23500PE (Qty: 500) | Entry: 2026-09-09 11:55 @ ₹122.32 | Exit: 2026-09-09 12:12 @ ₹131.21 | Reason: Trailing Take Profit Hit | Net PnL: ₹4236.89
2026-09-11 01:56:36,396 - INFO - Trade #6: NIFTY23500CE (Qty: 450) | Entry: 2026-09-09 12:31 @ ₹152.19 | Exit: 2026-09-09 14:27 @ ₹159.72 | Reason: Break Even Hit | Net PnL: ₹3163.95
2026-09-11 01:56:36,396 - INFO - Trade #7: NIFTY23500PE (Qty: 450) | Entry: 2026-09-09 14:34 @ ₹158.50 | Exit: 2026-09-09 15:15 @ ₹181.95 | Reason: MIS Auto Square Off (15:15) | Net PnL: ₹10310.36
2026-09-11 01:56:36,396 - INFO - --------------------------

2026-09-11 01:56:36,397 - INFO - Total Trades:    7
2026-09-11 01:56:36,397 - INFO - Win Rate:        71.43%
2026-09-11 01:56:36,398 - INFO - Gross PnL:       16444.80
2026-09-11 01:56:36,398 - INFO - Total Taxes:     1502.91
2026-09-11 01:56:36,398 - INFO - ====================================================

2026-09-11 01:56:36,399 - INFO - Calculating indicators...
2026-09-11 01:56:36,421 - INFO - Starting backtest loop...
2026-09-11 01:56:36,458 - INFO -
================= BACKTEST SUMMARY =================
2026-09-11 01:56:36,458 - INFO - Initial Capital: 91019.78
2026-09-11 01:56:36,458 - INFO - Final Capital:   79824.17
2026-09-11 01:56:36,458 - INFO - Net PnL:         -11195.61
2026-09-11 01:56:36,458 - INFO -
--- DETAILED TRADE LOG ---
2026-09-11 01:56:36,459 - INFO - Trade #1: NIFTY23400CE (Qty: 500) | Entry: 2026-09-10 10:09 @ ₹148.31 | Exit: 2026-09-10 10:20 @ ₹152.31 | Reason: Break Even Hit | Net PnL: ₹1766.55
2026-09-11 01:56:36,459 - INFO - Trade #2: NIFTY23450CE (Qty: 500) | Entry: 2026-09-10 10:44 @ ₹107.23 | Exit: 2026-09-10 10:46 @ ₹100.87 | Reason: SL Hit | Net PnL: ₹-3354.18
2026-09-11 01:56:36,460 - INFO - Trade #3: NIFTY23400PE (Qty: 500) | Entry: 2026-09-10 10:54 @ ₹166.41 | Exit: 2026-09-10 11:13 @ ₹157.09 | Reason: SL Hit | Net PnL: ₹-4903.79
2026-09-11 01:56:36,460 - INFO - Trade #4: NIFTY23400CE (Qty: 500) | Entry: 2026-09-10 11:41 @ ₹138.83 | Exit: 2026-09-10 11:56 @ ₹145.83 | Reason: Trailing Take Profit Hit | Net PnL: ₹3275.46
2026-09-11 01:56:36,460 - INFO - Trade #5: NIFTY23450PE (Qty: 500) | Entry: 2026-09-10 12:01 @ ₹117.94 | Exit: 2026-09-10 12:12 @ ₹113.40 | Reason: SL Hit | Net PnL: ₹-2457.27
2026-09-11 01:56:36,460 - INFO - Trade #6: NIFTY23450CE (Qty: 500) | Entry: 2026-09-10 12:21 @ ₹129.81 | Exit: 2026-09-10 12:34 @ ₹119.16 | Reason: Kill Switch Hit | Net PnL: ₹-5522.39
2026-09-11 01:56:36,460 - INFO - --------------------------

2026-09-11 01:56:36,461 - INFO - Total Trades:    6
2026-09-11 01:56:36,461 - INFO - Win Rate:        33.33%
2026-09-11 01:56:36,461 - INFO - Gross PnL:       -9935.40
2026-09-11 01:56:36,462 - INFO - Total Taxes:     1260.21
2026-09-11 01:56:36,462 - INFO - ====================================================

Fetching Nifty data from 2026-09-01 to 2026-09-30 in chunks...
Downloading chunk: 2026-09-01 to 2026-09-08...
Downloading chunk: 2026-09-08 to 2026-09-15...
Downloading chunk: 2026-09-15 to 2026-09-22...
Downloading chunk: 2026-09-22 to 2026-09-29...
Downloading chunk: 2026-09-29 to 2026-10-01...

🚀 STARTING MULTI-DAY COMPOUNDING BACKTEST 🚀
Initial Starting Capital: ₹50000.00


==================================================
📅 Trading Day: 2026-09-01
💰 Starting Capital Today: ₹50000.00
==================================================

==================================================
📅 Trading Day: 2026-09-02
💰 Starting Capital Today: ₹61917.37
==================================================

==================================================
📅 Trading Day: 2026-09-03
💰 Starting Capital Today: ₹61893.37
==================================================

==================================================
📅 Trading Day: 2026-09-04
💰 Starting Capital Today: ₹61456.37
==================================================

==================================================
📅 Trading Day: 2026-09-07
💰 Starting Capital Today: ₹71753.59
==================================================

==================================================
📅 Trading Day: 2026-09-08
💰 Starting Capital Today: ₹87074.59
==================================================

==================================================
📅 Trading Day: 2026-09-09
💰 Starting Capital Today: ₹76077.90
==================================================

==================================================
📅 Trading Day: 2026-09-10
💰 Starting Capital Today: ₹91019.78
==================================================

**************************************************
🏁 FINAL COMPOUNDING RESULTS 🏁
Total Return: 59.65%
Final Capital: ₹79824.17
**************************************************
