2026-09-11 01:23:57,656 - ERROR - $^NSEI: Data doesn't exist for startDate = 1789410600, endDate = 1790015400
2026-09-11 01:23:57,663 - ERROR -
1 Failed download:
2026-09-11 01:23:57,663 - ERROR - ['^NSEI']: Data doesn't exist for startDate = 1789410600, endDate = 1790015400
2026-09-11 01:23:58,062 - ERROR - $^NSEI: Data doesn't exist for startDate = 1790015400, endDate = 1790620200
2026-09-11 01:23:58,067 - ERROR -
1 Failed download:
2026-09-11 01:23:58,067 - ERROR - ['^NSEI']: Data doesn't exist for startDate = 1790015400, endDate = 1790620200
2026-09-11 01:23:58,263 - ERROR - $^NSEI: Data doesn't exist for startDate = 1790620200, endDate = 1790793000
2026-09-11 01:23:58,266 - ERROR -
1 Failed download:
2026-09-11 01:23:58,266 - ERROR - ['^NSEI']: Data doesn't exist for startDate = 1790620200, endDate = 1790793000
2026-09-11 01:23:58,275 - INFO - Calculating indicators...
2026-09-11 01:23:58,298 - INFO - Starting backtest loop...
2026-09-11 01:23:58,337 - INFO -
================= BACKTEST SUMMARY =================
2026-09-11 01:23:58,338 - INFO - Initial Capital: 50000.00
2026-09-11 01:23:58,338 - INFO - Final Capital:   76484.92
2026-09-11 01:23:58,338 - INFO - Net PnL:         26484.92
2026-09-11 01:23:58,338 - INFO -
--- DETAILED TRADE LOG ---
2026-09-11 01:23:58,339 - INFO - Trade #1: NIFTY24000PE (Qty: 250) | Entry: 2026-09-01 09:46 @ ₹160.50 | Exit: 2026-09-01 10:12 @ ₹151.47 | Reason: SL Hit | Net PnL: ₹-2398.07
2026-09-11 01:23:58,339 - INFO - Trade #2: NIFTY24050PE (Qty: 250) | Entry: 2026-09-01 10:16 @ ₹174.49 | Exit: 2026-09-01 10:23 @ ₹168.25 | Reason: SL Hit | Net PnL: ₹-1710.39
2026-09-11 01:23:58,339 - INFO - Trade #3: NIFTY24050CE (Qty: 200) | Entry: 2026-09-01 10:24 @ ₹177.34 | Exit: 2026-09-01 11:34 @ ₹208.92 | Reason: Trailing Take Profit Hit | Net PnL: ₹6170.42
2026-09-11 01:23:58,339 - INFO - Trade #4: NIFTY24150PE (Qty: 300) | Entry: 2026-09-01 12:06 @ ₹146.24 | Exit: 2026-09-01 12:25 @ ₹156.28 | Reason: Trailing Take Profit Hit | Net PnL: ₹2851.32
2026-09-11 01:23:58,340 - INFO - Trade #5: NIFTY24050PE (Qty: 400) | Entry: 2026-09-01 13:10 @ ₹127.37 | Exit: 2026-09-01 14:29 @ ₹174.86 | Reason: Trailing Take Profit Hit | Net PnL: ₹18790.07
2026-09-11 01:23:58,340 - INFO - Trade #6: NIFTY24000PE (Qty: 400) | Entry: 2026-09-01 14:55 @ ₹163.07 | Exit: 2026-09-01 14:58 @ ₹164.07 | Reason: Break Even Hit | Net PnL: ₹191.48
2026-09-11 01:23:58,340 - INFO - Trade #7: NIFTY23950CE (Qty: 500) | Entry: 2026-09-01 15:12 @ ₹117.93 | Exit: 2026-09-01 15:15 @ ₹123.50 | Reason: MIS Auto Square Off (15:15) | Net PnL: ₹2590.10
2026-09-11 01:23:58,340 - INFO - --------------------------

2026-09-11 01:23:58,341 - INFO - Total Trades:    7
2026-09-11 01:23:58,342 - INFO - Win Rate:        71.43%
2026-09-11 01:23:58,342 - INFO - Gross PnL:       27699.02
2026-09-11 01:23:58,342 - INFO - Total Taxes:     1214.09
2026-09-11 01:23:58,342 - INFO - ====================================================

2026-09-11 01:23:58,343 - INFO - Calculating indicators...
2026-09-11 01:23:58,365 - INFO - Starting backtest loop...
2026-09-11 01:23:58,405 - INFO -
================= BACKTEST SUMMARY =================
2026-09-11 01:23:58,405 - INFO - Initial Capital: 76484.92
2026-09-11 01:23:58,405 - INFO - Final Capital:   69611.79
2026-09-11 01:23:58,405 - INFO - Net PnL:         -6873.13
2026-09-11 01:23:58,405 - INFO -
--- DETAILED TRADE LOG ---
2026-09-11 01:23:58,406 - INFO - Trade #1: NIFTY23850PE (Qty: 500) | Entry: 2026-09-02 09:59 @ ₹143.49 | Exit: 2026-09-02 10:07 @ ₹138.19 | Reason: SL Hit | Net PnL: ₹-2871.34
2026-09-11 01:23:58,406 - INFO - Trade #2: NIFTY23850CE (Qty: 500) | Entry: 2026-09-02 10:20 @ ₹126.41 | Exit: 2026-09-02 10:38 @ ₹130.01 | Reason: Break Even Hit | Net PnL: ₹1596.22
2026-09-11 01:23:58,406 - INFO - Trade #3: NIFTY23850PE (Qty: 450) | Entry: 2026-09-02 11:05 @ ₹151.12 | Exit: 2026-09-02 11:54 @ ₹156.08 | Reason: Break Even Hit | Net PnL: ₹2012.07
2026-09-11 01:23:58,406 - INFO - Trade #4: NIFTY23800CE (Qty: 500) | Entry: 2026-09-02 12:03 @ ₹116.26 | Exit: 2026-09-02 12:07 @ ₹116.86 | Reason: Break Even Hit | Net PnL: ₹109.13
2026-09-11 01:23:58,407 - INFO - Trade #5: NIFTY23850CE (Qty: 500) | Entry: 2026-09-02 12:32 @ ₹112.40 | Exit: 2026-09-02 12:45 @ ₹112.52 | Reason: Break Even Hit | Net PnL: ₹-123.68
2026-09-11 01:23:58,407 - INFO - Trade #6: NIFTY23850CE (Qty: 400) | Entry: 2026-09-02 12:59 @ ₹173.19 | Exit: 2026-09-02 13:51 @ ₹163.53 | Reason: SL Hit | Net PnL: ₹-4074.49
2026-09-11 01:23:58,407 - INFO - Trade #7: NIFTY23900PE (Qty: 500) | Entry: 2026-09-02 14:08 @ ₹105.08 | Exit: 2026-09-02 14:27 @ ₹111.12 | Reason: Trailing Take Profit Hit | Net PnL: ₹2836.44
2026-09-11 01:23:58,407 - INFO - Trade #8: NIFTY23900PE (Qty: 500) | Entry: 2026-09-02 14:31 @ ₹138.89 | Exit: 2026-09-02 14:33 @ ₹133.73 | Reason: SL Hit | Net PnL: ₹-2796.80
2026-09-11 01:23:58,407 - INFO - Trade #9: NIFTY23900CE (Qty: 500) | Entry: 2026-09-02 14:35 @ ₹115.12 | Exit: 2026-09-02 14:38 @ ₹108.36 | Reason: SL Hit | Net PnL: ₹-3560.69
2026-09-11 01:23:58,408 - INFO - --------------------------

2026-09-11 01:23:58,409 - INFO - Total Trades:    9
2026-09-11 01:23:58,409 - INFO - Win Rate:        44.44%
2026-09-11 01:23:58,409 - INFO - Gross PnL:       -5063.91
2026-09-11 01:23:58,409 - INFO - Total Taxes:     1809.23
2026-09-11 01:23:58,409 - INFO - ====================================================

2026-09-11 01:23:58,410 - INFO - Calculating indicators...
2026-09-11 01:23:58,432 - INFO - Starting backtest loop...
2026-09-11 01:23:58,475 - INFO -
================= BACKTEST SUMMARY =================
2026-09-11 01:23:58,475 - INFO - Initial Capital: 69611.79
2026-09-11 01:23:58,475 - INFO - Final Capital:   66945.27
2026-09-11 01:23:58,475 - INFO - Net PnL:         -2666.52
2026-09-11 01:23:58,475 - INFO -
--- DETAILED TRADE LOG ---
2026-09-11 01:23:58,476 - INFO - Trade #1: NIFTY24000PE (Qty: 500) | Entry: 2026-09-03 09:42 @ ₹100.31 | Exit: 2026-09-03 09:43 @ ₹96.30 | Reason: SL Hit | Net PnL: ₹-2171.68
2026-09-11 01:23:58,476 - INFO - Trade #2: NIFTY24000PE (Qty: 500) | Entry: 2026-09-03 09:44 @ ₹100.10 | Exit: 2026-09-03 09:49 @ ₹100.70 | Reason: Break Even Hit | Net PnL: ₹129.03
2026-09-11 01:23:58,476 - INFO - Trade #3: NIFTY24000PE (Qty: 500) | Entry: 2026-09-03 10:31 @ ₹111.63 | Exit: 2026-09-03 10:44 @ ₹118.39 | Reason: Trailing Take Profit Hit | Net PnL: ₹3188.04
2026-09-11 01:23:58,476 - INFO - Trade #4: NIFTY23950PE (Qty: 350) | Entry: 2026-09-03 11:04 @ ₹169.47 | Exit: 2026-09-03 11:22 @ ₹170.17 | Reason: Break Even Hit | Net PnL: ₹49.48
2026-09-11 01:23:58,477 - INFO - Trade #5: NIFTY23950PE (Qty: 500) | Entry: 2026-09-03 12:09 @ ₹120.37 | Exit: 2026-09-03 12:52 @ ₹124.16 | Reason: Break Even Hit | Net PnL: ₹1694.92
2026-09-11 01:23:58,477 - INFO - Trade #6: NIFTY23950PE (Qty: 350) | Entry: 2026-09-03 13:18 @ ₹176.34 | Exit: 2026-09-03 13:26 @ ₹187.64 | Reason: Trailing Take Profit Hit | Net PnL: ₹3748.45
2026-09-11 01:23:58,477 - INFO - Trade #7: NIFTY23900PE (Qty: 450) | Entry: 2026-09-03 13:47 @ ₹145.23 | Exit: 2026-09-03 13:49 @ ₹136.97 | Reason: SL Hit | Net PnL: ₹-3918.99
2026-09-11 01:23:58,477 - INFO - Trade #8: NIFTY23900PE (Qty: 500) | Entry: 2026-09-03 14:21 @ ₹133.23 | Exit: 2026-09-03 14:25 @ ₹134.23 | Reason: Break Even Hit | Net PnL: ₹287.88
2026-09-11 01:23:58,477 - INFO - Trade #9: NIFTY23900PE (Qty: 450) | Entry: 2026-09-03 14:29 @ ₹145.25 | Exit: 2026-09-03 14:33 @ ₹146.48 | Reason: Break Even Hit | Net PnL: ₹340.86
2026-09-11 01:23:58,478 - INFO - Trade #10: NIFTY23900CE (Qty: 450) | Entry: 2026-09-03 14:56 @ ₹139.84 | Exit: 2026-09-03 15:00 @ ₹134.65 | Reason: SL Hit | Net PnL: ₹-2535.70
2026-09-11 01:23:58,478 - INFO - Trade #11: NIFTY23900PE (Qty: 400) | Entry: 2026-09-03 15:04 @ ₹160.00 | Exit: 2026-09-03 15:15 @ ₹151.80 | Reason: MIS Auto Square Off (15:15) | Net PnL: ₹-3478.81
2026-09-11 01:23:58,478 - INFO - --------------------------

2026-09-11 01:23:58,479 - INFO - Total Trades:    11
2026-09-11 01:23:58,479 - INFO - Win Rate:        63.64%
2026-09-11 01:23:58,479 - INFO - Gross PnL:       -519.65
2026-09-11 01:23:58,479 - INFO - Total Taxes:     2146.86
2026-09-11 01:23:58,479 - INFO - ====================================================

2026-09-11 01:23:58,481 - INFO - Calculating indicators...
2026-09-11 01:23:58,503 - INFO - Starting backtest loop...
2026-09-11 01:23:58,536 - INFO -
================= BACKTEST SUMMARY =================
2026-09-11 01:23:58,536 - INFO - Initial Capital: 66945.27
2026-09-11 01:23:58,536 - INFO - Final Capital:   70069.40
2026-09-11 01:23:58,536 - INFO - Net PnL:         3124.13
2026-09-11 01:23:58,536 - INFO -
--- DETAILED TRADE LOG ---
2026-09-11 01:23:58,537 - INFO - Trade #1: NIFTY23900CE (Qty: 500) | Entry: 2026-09-04 09:36 @ ₹120.23 | Exit: 2026-09-04 09:38 @ ₹120.83 | Reason: Break Even Hit | Net PnL: ₹104.24
2026-09-11 01:23:58,537 - INFO - Trade #2: NIFTY23950CE (Qty: 500) | Entry: 2026-09-04 09:51 @ ₹126.33 | Exit: 2026-09-04 10:09 @ ₹129.89 | Reason: Break Even Hit | Net PnL: ₹1574.26
2026-09-11 01:23:58,537 - INFO - Trade #3: NIFTY23950CE (Qty: 350) | Entry: 2026-09-04 10:29 @ ₹171.85 | Exit: 2026-09-04 11:42 @ ₹182.79 | Reason: Trailing Take Profit Hit | Net PnL: ₹3626.98
2026-09-11 01:23:58,538 - INFO - Trade #4: NIFTY24000CE (Qty: 350) | Entry: 2026-09-04 11:59 @ ₹176.35 | Exit: 2026-09-04 12:03 @ ₹170.06 | Reason: SL Hit | Net PnL: ₹-2396.74
2026-09-11 01:23:58,538 - INFO - Trade #5: NIFTY23950PE (Qty: 350) | Entry: 2026-09-04 12:22 @ ₹171.56 | Exit: 2026-09-04 15:15 @ ₹172.74 | Reason: MIS Auto Square Off (15:15) | Net PnL: ₹215.39
2026-09-11 01:23:58,538 - INFO - --------------------------

2026-09-11 01:23:58,539 - INFO - Total Trades:    5
2026-09-11 01:23:58,539 - INFO - Win Rate:        80.00%
2026-09-11 01:23:58,539 - INFO - Gross PnL:       4119.10
2026-09-11 01:23:58,539 - INFO - Total Taxes:     994.97
2026-09-11 01:23:58,539 - INFO - ====================================================

2026-09-11 01:23:58,541 - INFO - Calculating indicators...
2026-09-11 01:23:58,563 - INFO - Starting backtest loop...
2026-09-11 01:23:58,601 - INFO -
================= BACKTEST SUMMARY =================
2026-09-11 01:23:58,601 - INFO - Initial Capital: 70069.40
2026-09-11 01:23:58,601 - INFO - Final Capital:   79647.50
2026-09-11 01:23:58,601 - INFO - Net PnL:         9578.09
2026-09-11 01:23:58,601 - INFO -
--- DETAILED TRADE LOG ---
2026-09-11 01:23:58,602 - INFO - Trade #1: NIFTY23850PE (Qty: 500) | Entry: 2026-09-07 09:52 @ ₹131.28 | Exit: 2026-09-07 10:21 @ ₹142.61 | Reason: Trailing Take Profit Hit | Net PnL: ₹5447.19
2026-09-11 01:23:58,602 - INFO - Trade #2: NIFTY23800PE (Qty: 400) | Entry: 2026-09-07 10:49 @ ₹161.17 | Exit: 2026-09-07 11:43 @ ₹172.89 | Reason: Trailing Take Profit Hit | Net PnL: ₹4474.49
2026-09-11 01:23:58,602 - INFO - Trade #3: NIFTY23800PE (Qty: 500) | Entry: 2026-09-07 11:54 @ ₹135.74 | Exit: 2026-09-07 11:58 @ ₹136.34 | Reason: Break Even Hit | Net PnL: ₹85.15
2026-09-11 01:23:58,602 - INFO - Trade #4: NIFTY23800PE (Qty: 500) | Entry: 2026-09-07 12:07 @ ₹137.52 | Exit: 2026-09-07 12:33 @ ₹145.52 | Reason: Trailing Take Profit Hit | Net PnL: ₹3776.14
2026-09-11 01:23:58,603 - INFO - Trade #5: NIFTY23750PE (Qty: 500) | Entry: 2026-09-07 12:50 @ ₹113.00 | Exit: 2026-09-07 13:46 @ ₹102.96 | Reason: SL Hit | Net PnL: ₹-5196.91
2026-09-11 01:23:58,603 - INFO - Trade #6: NIFTY23750PE (Qty: 500) | Entry: 2026-09-07 13:48 @ ₹145.22 | Exit: 2026-09-07 13:53 @ ₹139.87 | Reason: SL Hit | Net PnL: ₹-2899.38
2026-09-11 01:23:58,603 - INFO - Trade #7: NIFTY23750PE (Qty: 500) | Entry: 2026-09-07 14:39 @ ₹111.55 | Exit: 2026-09-07 15:13 @ ₹119.72 | Reason: Trailing Take Profit Hit | Net PnL: ₹3891.42
2026-09-11 01:23:58,603 - INFO - --------------------------

2026-09-11 01:23:58,604 - INFO - Total Trades:    7
2026-09-11 01:23:58,604 - INFO - Win Rate:        71.43%
2026-09-11 01:23:58,604 - INFO - Gross PnL:       11040.71
2026-09-11 01:23:58,604 - INFO - Total Taxes:     1462.62
2026-09-11 01:23:58,604 - INFO - ====================================================

2026-09-11 01:23:58,606 - INFO - Calculating indicators...
2026-09-11 01:23:58,628 - INFO - Starting backtest loop...
2026-09-11 01:23:58,663 - INFO -
================= BACKTEST SUMMARY =================
2026-09-11 01:23:58,663 - INFO - Initial Capital: 79647.50
2026-09-11 01:23:58,663 - INFO - Final Capital:   69011.21
2026-09-11 01:23:58,663 - INFO - Net PnL:         -10636.28
2026-09-11 01:23:58,663 - INFO -
--- DETAILED TRADE LOG ---
2026-09-11 01:23:58,664 - INFO - Trade #1: NIFTY23650PE (Qty: 500) | Entry: 2026-09-08 09:58 @ ₹123.14 | Exit: 2026-09-08 10:08 @ ₹115.98 | Reason: SL Hit | Net PnL: ₹-3770.67
2026-09-11 01:23:58,664 - INFO - Trade #2: NIFTY23700CE (Qty: 400) | Entry: 2026-09-08 10:13 @ ₹166.72 | Exit: 2026-09-08 10:36 @ ₹157.38 | Reason: SL Hit | Net PnL: ₹-3938.83
2026-09-11 01:23:58,664 - INFO - Trade #3: NIFTY23650CE (Qty: 500) | Entry: 2026-09-08 10:40 @ ₹112.84 | Exit: 2026-09-08 10:53 @ ₹122.39 | Reason: Trailing Take Profit Hit | Net PnL: ₹4583.12
2026-09-11 01:23:58,664 - INFO - Trade #4: NIFTY23650PE (Qty: 500) | Entry: 2026-09-08 11:00 @ ₹101.56 | Exit: 2026-09-08 11:08 @ ₹95.49 | Reason: SL Hit | Net PnL: ₹-3205.75
2026-09-11 01:23:58,665 - INFO - Trade #5: NIFTY23650PE (Qty: 500) | Entry: 2026-09-08 12:01 @ ₹101.32 | Exit: 2026-09-08 12:29 @ ₹95.25 | Reason: SL Hit | Net PnL: ₹-3199.27
2026-09-11 01:23:58,665 - INFO - Trade #6: NIFTY23650CE (Qty: 350) | Entry: 2026-09-08 13:25 @ ₹173.48 | Exit: 2026-09-08 13:29 @ ₹170.88 | Reason: Kill Switch Hit | Net PnL: ₹-1104.87
2026-09-11 01:23:58,665 - INFO - --------------------------

2026-09-11 01:23:58,666 - INFO - Total Trades:    6
2026-09-11 01:23:58,666 - INFO - Win Rate:        16.67%
2026-09-11 01:23:58,666 - INFO - Gross PnL:       -9516.70
2026-09-11 01:23:58,666 - INFO - Total Taxes:     1119.58
2026-09-11 01:23:58,666 - INFO - ====================================================

2026-09-11 01:23:58,668 - INFO - Calculating indicators...
2026-09-11 01:23:58,689 - INFO - Starting backtest loop...
2026-09-11 01:23:58,727 - INFO -
================= BACKTEST SUMMARY =================
2026-09-11 01:23:58,727 - INFO - Initial Capital: 69011.21
2026-09-11 01:23:58,727 - INFO - Final Capital:   82817.24
2026-09-11 01:23:58,727 - INFO - Net PnL:         13806.03
2026-09-11 01:23:58,727 - INFO -
--- DETAILED TRADE LOG ---
2026-09-11 01:23:58,728 - INFO - Trade #1: NIFTY23550PE (Qty: 450) | Entry: 2026-09-09 09:40 @ ₹136.88 | Exit: 2026-09-09 09:43 @ ₹137.65 | Reason: Break Even Hit | Net PnL: ₹150.51
2026-09-11 01:23:58,728 - INFO - Trade #2: NIFTY23450PE (Qty: 500) | Entry: 2026-09-09 10:00 @ ₹128.53 | Exit: 2026-09-09 10:15 @ ₹121.11 | Reason: SL Hit | Net PnL: ₹-3911.88
2026-09-11 01:23:58,728 - INFO - Trade #3: NIFTY23500CE (Qty: 350) | Entry: 2026-09-09 10:19 @ ₹161.81 | Exit: 2026-09-09 10:35 @ ₹163.50 | Reason: Break Even Hit | Net PnL: ₹404.35
2026-09-11 01:23:58,728 - INFO - Trade #4: NIFTY23500CE (Qty: 350) | Entry: 2026-09-09 11:23 @ ₹163.86 | Exit: 2026-09-09 11:46 @ ₹167.15 | Reason: Break Even Hit | Net PnL: ₹959.48
2026-09-11 01:23:58,728 - INFO - Trade #5: NIFTY23500PE (Qty: 500) | Entry: 2026-09-09 11:55 @ ₹122.32 | Exit: 2026-09-09 12:12 @ ₹131.21 | Reason: Trailing Take Profit Hit | Net PnL: ₹4236.89
2026-09-11 01:23:58,729 - INFO - Trade #6: NIFTY23500CE (Qty: 400) | Entry: 2026-09-09 12:31 @ ₹152.19 | Exit: 2026-09-09 14:27 @ ₹159.72 | Reason: Break Even Hit | Net PnL: ₹2807.16
2026-09-11 01:23:58,729 - INFO - Trade #7: NIFTY23500PE (Qty: 400) | Entry: 2026-09-09 14:34 @ ₹158.50 | Exit: 2026-09-09 15:15 @ ₹181.95 | Reason: MIS Auto Square Off (15:15) | Net PnL: ₹9159.52
2026-09-11 01:23:58,729 - INFO - --------------------------

2026-09-11 01:23:58,730 - INFO - Total Trades:    7
2026-09-11 01:23:58,730 - INFO - Win Rate:        85.71%
2026-09-11 01:23:58,730 - INFO - Gross PnL:       15211.48
2026-09-11 01:23:58,730 - INFO - Total Taxes:     1405.45
2026-09-11 01:23:58,730 - INFO - ====================================================

2026-09-11 01:23:58,732 - INFO - Calculating indicators...
2026-09-11 01:23:58,753 - INFO - Starting backtest loop...
2026-09-11 01:23:58,786 - INFO -
================= BACKTEST SUMMARY =================
2026-09-11 01:23:58,786 - INFO - Initial Capital: 82817.24
2026-09-11 01:23:58,786 - INFO - Final Capital:   72107.29
2026-09-11 01:23:58,786 - INFO - Net PnL:         -10709.95
2026-09-11 01:23:58,786 - INFO -
--- DETAILED TRADE LOG ---
2026-09-11 01:23:58,787 - INFO - Trade #1: NIFTY23400CE (Qty: 500) | Entry: 2026-09-10 10:09 @ ₹148.31 | Exit: 2026-09-10 10:20 @ ₹152.31 | Reason: Break Even Hit | Net PnL: ₹1766.55
2026-09-11 01:23:58,787 - INFO - Trade #2: NIFTY23450CE (Qty: 500) | Entry: 2026-09-10 10:44 @ ₹107.23 | Exit: 2026-09-10 10:46 @ ₹100.87 | Reason: SL Hit | Net PnL: ₹-3354.18
2026-09-11 01:23:58,787 - INFO - Trade #3: NIFTY23400PE (Qty: 450) | Entry: 2026-09-10 10:54 @ ₹166.41 | Exit: 2026-09-10 11:13 @ ₹157.09 | Reason: SL Hit | Net PnL: ₹-4418.13
2026-09-11 01:23:58,787 - INFO - Trade #4: NIFTY23400CE (Qty: 500) | Entry: 2026-09-10 11:41 @ ₹138.83 | Exit: 2026-09-10 11:56 @ ₹145.83 | Reason: Trailing Take Profit Hit | Net PnL: ₹3275.46
2026-09-11 01:23:58,787 - INFO - Trade #5: NIFTY23450PE (Qty: 500) | Entry: 2026-09-10 12:01 @ ₹117.94 | Exit: 2026-09-10 12:12 @ ₹113.40 | Reason: SL Hit | Net PnL: ₹-2457.27
2026-09-11 01:23:58,788 - INFO - Trade #6: NIFTY23450CE (Qty: 500) | Entry: 2026-09-10 12:21 @ ₹129.81 | Exit: 2026-09-10 12:34 @ ₹119.16 | Reason: Kill Switch Hit | Net PnL: ₹-5522.39
2026-09-11 01:23:58,788 - INFO - --------------------------

2026-09-11 01:23:58,789 - INFO - Total Trades:    6
2026-09-11 01:23:58,789 - INFO - Win Rate:        33.33%
2026-09-11 01:23:58,789 - INFO - Gross PnL:       -9469.37
2026-09-11 01:23:58,789 - INFO - Total Taxes:     1240.58
2026-09-11 01:23:58,789 - INFO - ====================================================

Fetching Nifty data from 2026-09-01 to 2026-09-30 in chunks...
Downloading chunk: 2026-09-01 to 2026-09-08...
Downloading chunk: 2026-09-08 to 2026-09-15...
Downloading chunk: 2026-09-15 to 2026-09-22...
Downloading chunk: 2026-09-22 to 2026-09-29...
Downloading chunk: 2026-09-29 to 2026-10-01...

🚀 STARTING MULTI-DAY COMPOUNDING BACKTEST 🚀
Initial Starting Capital: ₹50000.00


==================================================
📅 Trading Day: 2026-09-01
💰 Starting Capital Today: ₹50000.00
==================================================

==================================================
📅 Trading Day: 2026-09-02
💰 Starting Capital Today: ₹76484.92
==================================================

==================================================
📅 Trading Day: 2026-09-03
💰 Starting Capital Today: ₹69611.79
==================================================

==================================================
📅 Trading Day: 2026-09-04
💰 Starting Capital Today: ₹66945.27
==================================================

==================================================
📅 Trading Day: 2026-09-07
💰 Starting Capital Today: ₹70069.40
==================================================

==================================================
📅 Trading Day: 2026-09-08
💰 Starting Capital Today: ₹79647.50
==================================================

==================================================
📅 Trading Day: 2026-09-09
💰 Starting Capital Today: ₹69011.21
==================================================

==================================================
📅 Trading Day: 2026-09-10
💰 Starting Capital Today: ₹82817.24
==================================================

**************************************************
🏁 FINAL COMPOUNDING RESULTS 🏁
Total Return: 44.21%
Final Capital: ₹72107.29
**************************************************
