2026-09-09 13:20:48,245 - ERROR - $^NSEI: Data doesn't exist for startDate = 1789410600, endDate = 1790015400
2026-09-09 13:20:48,247 - ERROR -
1 Failed download:
2026-09-09 13:20:48,248 - ERROR - ['^NSEI']: Data doesn't exist for startDate = 1789410600, endDate = 1790015400
2026-09-09 13:20:48,887 - ERROR - $^NSEI: Data doesn't exist for startDate = 1790015400, endDate = 1790620200
2026-09-09 13:20:48,891 - ERROR -
1 Failed download:
2026-09-09 13:20:48,891 - ERROR - ['^NSEI']: Data doesn't exist for startDate = 1790015400, endDate = 1790620200
2026-09-09 13:20:49,229 - ERROR - $^NSEI: Data doesn't exist for startDate = 1790620200, endDate = 1790793000
2026-09-09 13:20:49,236 - ERROR -
1 Failed download:
2026-09-09 13:20:49,236 - ERROR - ['^NSEI']: Data doesn't exist for startDate = 1790620200, endDate = 1790793000
2026-09-09 13:20:49,246 - INFO - Calculating indicators...
2026-09-09 13:20:49,271 - INFO - Starting backtest loop...
2026-09-09 13:20:49,312 - INFO -
================= BACKTEST SUMMARY =================
2026-09-09 13:20:49,313 - INFO - Initial Capital: 50000.00
2026-09-09 13:20:49,313 - INFO - Final Capital:   72529.11
2026-09-09 13:20:49,313 - INFO - Net PnL:         22529.11
2026-09-09 13:20:49,313 - INFO -
--- DETAILED TRADE LOG ---
2026-09-09 13:20:49,314 - INFO - Trade #1: NIFTY24000PE (Qty: 400) | Entry: 2026-09-01 09:46 @ ₹109.59 | Exit: 2026-09-01 10:04 @ ₹103.11 | Reason: SL Hit | Net PnL: ₹-2742.25
2026-09-09 13:20:49,314 - INFO - Trade #2: NIFTY24050PE (Qty: 300) | Entry: 2026-09-01 10:16 @ ₹136.13 | Exit: 2026-09-01 10:22 @ ₹131.05 | Reason: SL Hit | Net PnL: ₹-1670.11
2026-09-09 13:20:49,314 - INFO - Trade #3: NIFTY24050CE (Qty: 200) | Entry: 2026-09-01 10:23 @ ₹179.84 | Exit: 2026-09-01 11:34 @ ₹213.14 | Reason: Trailing Take Profit Hit | Net PnL: ₹6512.36
2026-09-09 13:20:49,314 - INFO - Trade #4: NIFTY24150PE (Qty: 350) | Entry: 2026-09-01 12:06 @ ₹138.32 | Exit: 2026-09-01 12:25 @ ₹148.52 | Reason: Trailing Take Profit Hit | Net PnL: ₹3396.51
2026-09-09 13:20:49,315 - INFO - Trade #5: NIFTY24050PE (Qty: 300) | Entry: 2026-09-01 13:10 @ ₹170.03 | Exit: 2026-09-01 14:29 @ ₹215.39 | Reason: Trailing Take Profit Hit | Net PnL: ₹13410.45
2026-09-09 13:20:49,315 - INFO - Trade #6: NIFTY24000PE (Qty: 400) | Entry: 2026-09-01 14:55 @ ₹146.37 | Exit: 2026-09-01 15:05 @ ₹149.47 | Reason: Break Even Hit | Net PnL: ₹1044.87
2026-09-09 13:20:49,315 - INFO - Trade #7: NIFTY23950CE (Qty: 500) | Entry: 2026-09-01 15:12 @ ₹128.35 | Exit: 2026-09-01 15:15 @ ₹133.93 | Reason: MIS Auto Square Off (15:15) | Net PnL: ₹2577.26
2026-09-09 13:20:49,315 - INFO - --------------------------

2026-09-09 13:20:49,316 - INFO - Total Trades:    7
2026-09-09 13:20:49,316 - INFO - Win Rate:        71.43%
2026-09-09 13:20:49,317 - INFO - Gross PnL:       23747.19
2026-09-09 13:20:49,317 - INFO - Total Taxes:     1218.08
2026-09-09 13:20:49,317 - INFO - ====================================================

2026-09-09 13:20:49,319 - INFO - Calculating indicators...
2026-09-09 13:20:49,355 - INFO - Starting backtest loop...
2026-09-09 13:20:49,401 - INFO -
================= BACKTEST SUMMARY =================
2026-09-09 13:20:49,401 - INFO - Initial Capital: 72529.11
2026-09-09 13:20:49,401 - INFO - Final Capital:   70699.17
2026-09-09 13:20:49,401 - INFO - Net PnL:         -1829.93
2026-09-09 13:20:49,401 - INFO -
--- DETAILED TRADE LOG ---
2026-09-09 13:20:49,402 - INFO - Trade #1: NIFTY23850PE (Qty: 500) | Entry: 2026-09-02 09:59 @ ₹120.26 | Exit: 2026-09-02 10:07 @ ₹115.65 | Reason: SL Hit | Net PnL: ₹-2494.91
2026-09-09 13:20:49,402 - INFO - Trade #2: NIFTY23850CE (Qty: 500) | Entry: 2026-09-02 10:20 @ ₹113.43 | Exit: 2026-09-02 10:35 @ ₹120.18 | Reason: Trailing Take Profit Hit | Net PnL: ₹3183.00
2026-09-09 13:20:49,403 - INFO - Trade #3: NIFTY23850PE (Qty: 400) | Entry: 2026-09-02 11:05 @ ₹159.89 | Exit: 2026-09-02 12:11 @ ₹165.36 | Reason: Break Even Hit | Net PnL: ₹1978.77
2026-09-09 13:20:49,403 - INFO - Trade #4: NIFTY23850CE (Qty: 500) | Entry: 2026-09-02 12:32 @ ₹128.67 | Exit: 2026-09-02 12:45 @ ₹128.96 | Reason: Break Even Hit | Net PnL: ₹-62.49
2026-09-09 13:20:49,403 - INFO - Trade #5: NIFTY23850CE (Qty: 500) | Entry: 2026-09-02 12:59 @ ₹139.19 | Exit: 2026-09-02 13:39 @ ₹139.58 | Reason: Break Even Hit | Net PnL: ₹-22.94
2026-09-09 13:20:49,403 - INFO - Trade #6: NIFTY23900PE (Qty: 500) | Entry: 2026-09-02 14:08 @ ₹137.73 | Exit: 2026-09-02 14:27 @ ₹143.12 | Reason: Trailing Take Profit Hit | Net PnL: ₹2470.29
2026-09-09 13:20:49,403 - INFO - Trade #7: NIFTY23900PE (Qty: 500) | Entry: 2026-09-02 14:31 @ ₹144.86 | Exit: 2026-09-02 14:33 @ ₹139.51 | Reason: SL Hit | Net PnL: ₹-2893.45
2026-09-09 13:20:49,404 - INFO - Trade #8: NIFTY23900CE (Qty: 400) | Entry: 2026-09-02 14:35 @ ₹169.07 | Exit: 2026-09-02 14:43 @ ₹159.62 | Reason: SL Hit | Net PnL: ₹-3988.19
2026-09-09 13:20:49,404 - INFO - --------------------------

2026-09-09 13:20:49,405 - INFO - Total Trades:    8
2026-09-09 13:20:49,405 - INFO - Win Rate:        37.50%
2026-09-09 13:20:49,405 - INFO - Gross PnL:       -163.38
2026-09-09 13:20:49,405 - INFO - Total Taxes:     1666.55
2026-09-09 13:20:49,405 - INFO - ====================================================

2026-09-09 13:20:49,407 - INFO - Calculating indicators...
2026-09-09 13:20:49,429 - INFO - Starting backtest loop...
2026-09-09 13:20:49,470 - INFO -
================= BACKTEST SUMMARY =================
2026-09-09 13:20:49,470 - INFO - Initial Capital: 70699.17
2026-09-09 13:20:49,470 - INFO - Final Capital:   84961.74
2026-09-09 13:20:49,470 - INFO - Net PnL:         14262.56
2026-09-09 13:20:49,470 - INFO -
--- DETAILED TRADE LOG ---
2026-09-09 13:20:49,471 - INFO - Trade #1: NIFTY24000PE (Qty: 350) | Entry: 2026-09-03 09:42 @ ₹179.46 | Exit: 2026-09-03 10:46 @ ₹200.35 | Reason: Trailing Take Profit Hit | Net PnL: ₹7096.50
2026-09-09 13:20:49,471 - INFO - Trade #2: NIFTY23950PE (Qty: 500) | Entry: 2026-09-03 11:04 @ ₹130.98 | Exit: 2026-09-03 11:19 @ ₹132.36 | Reason: Break Even Hit | Net PnL: ₹479.45
2026-09-09 13:20:49,472 - INFO - Trade #3: NIFTY23950PE (Qty: 400) | Entry: 2026-09-03 12:09 @ ₹166.02 | Exit: 2026-09-03 12:54 @ ₹167.53 | Reason: Break Even Hit | Net PnL: ₹390.27
2026-09-09 13:20:49,472 - INFO - Trade #4: NIFTY23950PE (Qty: 450) | Entry: 2026-09-03 13:18 @ ₹160.76 | Exit: 2026-09-03 13:26 @ ₹172.38 | Reason: Trailing Take Profit Hit | Net PnL: ₹4990.08
2026-09-09 13:20:49,472 - INFO - Trade #5: NIFTY23900PE (Qty: 500) | Entry: 2026-09-03 13:47 @ ₹144.56 | Exit: 2026-09-03 13:49 @ ₹136.33 | Reason: SL Hit | Net PnL: ₹-4331.46
2026-09-09 13:20:49,472 - INFO - Trade #6: NIFTY23900PE (Qty: 400) | Entry: 2026-09-03 14:21 @ ₹176.71 | Exit: 2026-09-03 15:09 @ ₹191.38 | Reason: Trailing Take Profit Hit | Net PnL: ₹5637.72
2026-09-09 13:20:49,473 - INFO - --------------------------

2026-09-09 13:20:49,474 - INFO - Total Trades:    6
2026-09-09 13:20:49,474 - INFO - Win Rate:        83.33%
2026-09-09 13:20:49,474 - INFO - Gross PnL:       15583.91
2026-09-09 13:20:49,474 - INFO - Total Taxes:     1321.34
2026-09-09 13:20:49,474 - INFO - ====================================================

2026-09-09 13:20:49,476 - INFO - Calculating indicators...
2026-09-09 13:20:49,499 - INFO - Starting backtest loop...
2026-09-09 13:20:49,535 - INFO -
================= BACKTEST SUMMARY =================
2026-09-09 13:20:49,535 - INFO - Initial Capital: 84961.74
2026-09-09 13:20:49,536 - INFO - Final Capital:   101084.33
2026-09-09 13:20:49,536 - INFO - Net PnL:         16122.60
2026-09-09 13:20:49,536 - INFO -
--- DETAILED TRADE LOG ---
2026-09-09 13:20:49,537 - INFO - Trade #1: NIFTY23900CE (Qty: 500) | Entry: 2026-09-04 09:36 @ ₹113.37 | Exit: 2026-09-04 10:05 @ ₹139.31 | Reason: Trailing Take Profit Hit | Net PnL: ₹12757.57
2026-09-09 13:20:49,537 - INFO - Trade #2: NIFTY23950CE (Qty: 500) | Entry: 2026-09-04 10:29 @ ₹106.02 | Exit: 2026-09-04 11:42 @ ₹118.94 | Reason: Trailing Take Profit Hit | Net PnL: ₹6268.23
2026-09-09 13:20:49,537 - INFO - Trade #3: NIFTY24000CE (Qty: 500) | Entry: 2026-09-04 11:59 @ ₹168.58 | Exit: 2026-09-04 12:03 @ ₹162.53 | Reason: SL Hit | Net PnL: ₹-3277.90
2026-09-09 13:20:49,537 - INFO - Trade #4: NIFTY23950PE (Qty: 500) | Entry: 2026-09-04 12:22 @ ₹133.57 | Exit: 2026-09-04 15:15 @ ₹134.74 | Reason: MIS Auto Square Off (15:15) | Net PnL: ₹374.70
2026-09-09 13:20:49,538 - INFO - --------------------------

2026-09-09 13:20:49,539 - INFO - Total Trades:    4
2026-09-09 13:20:49,539 - INFO - Win Rate:        75.00%
2026-09-09 13:20:49,539 - INFO - Gross PnL:       16984.68
2026-09-09 13:20:49,539 - INFO - Total Taxes:     862.09
2026-09-09 13:20:49,539 - INFO - ====================================================

2026-09-09 13:20:49,541 - INFO - Calculating indicators...
2026-09-09 13:20:49,565 - INFO - Starting backtest loop...
2026-09-09 13:20:49,606 - INFO -
================= BACKTEST SUMMARY =================
2026-09-09 13:20:49,606 - INFO - Initial Capital: 101084.33
2026-09-09 13:20:49,606 - INFO - Final Capital:   98793.90
2026-09-09 13:20:49,606 - INFO - Net PnL:         -2290.43
2026-09-09 13:20:49,606 - INFO -
--- DETAILED TRADE LOG ---
2026-09-09 13:20:49,607 - INFO - Trade #1: NIFTY23850PE (Qty: 500) | Entry: 2026-09-07 09:52 @ ₹166.93 | Exit: 2026-09-07 10:22 @ ₹177.19 | Reason: Trailing Take Profit Hit | Net PnL: ₹4869.54
2026-09-09 13:20:49,607 - INFO - Trade #2: NIFTY23800PE (Qty: 500) | Entry: 2026-09-07 10:49 @ ₹170.55 | Exit: 2026-09-07 11:44 @ ₹181.99 | Reason: Trailing Take Profit Hit | Net PnL: ₹5452.79
2026-09-09 13:20:49,607 - INFO - Trade #3: NIFTY23800PE (Qty: 500) | Entry: 2026-09-07 11:54 @ ₹101.30 | Exit: 2026-09-07 12:08 @ ₹97.26 | Reason: SL Hit | Net PnL: ₹-2187.67
2026-09-09 13:20:49,607 - INFO - Trade #4: NIFTY23750CE (Qty: 500) | Entry: 2026-09-07 12:19 @ ₹169.58 | Exit: 2026-09-07 12:30 @ ₹163.49 | Reason: SL Hit | Net PnL: ₹-3293.98
2026-09-09 13:20:49,608 - INFO - Trade #5: NIFTY23750PE (Qty: 500) | Entry: 2026-09-07 12:50 @ ₹133.25 | Exit: 2026-09-07 13:47 @ ₹121.59 | Reason: SL Hit | Net PnL: ₹-6030.32
2026-09-09 13:20:49,608 - INFO - Trade #6: NIFTY23750PE (Qty: 500) | Entry: 2026-09-07 13:48 @ ₹138.51 | Exit: 2026-09-07 13:53 @ ₹133.36 | Reason: SL Hit | Net PnL: ₹-2790.63
2026-09-09 13:20:49,608 - INFO - Trade #7: NIFTY23750PE (Qty: 500) | Entry: 2026-09-07 14:39 @ ₹148.19 | Exit: 2026-09-07 15:14 @ ₹152.03 | Reason: Break Even Hit | Net PnL: ₹1689.83
2026-09-09 13:20:49,608 - INFO - --------------------------

2026-09-09 13:20:49,609 - INFO - Total Trades:    7
2026-09-09 13:20:49,609 - INFO - Win Rate:        42.86%
2026-09-09 13:20:49,610 - INFO - Gross PnL:       -695.47
2026-09-09 13:20:49,610 - INFO - Total Taxes:     1594.96
2026-09-09 13:20:49,610 - INFO - ====================================================

2026-09-09 13:20:49,611 - INFO - Calculating indicators...
2026-09-09 13:20:49,636 - INFO - Starting backtest loop...
2026-09-09 13:20:49,668 - INFO -
================= BACKTEST SUMMARY =================
2026-09-09 13:20:49,669 - INFO - Initial Capital: 98793.90
2026-09-09 13:20:49,669 - INFO - Final Capital:   85810.00
2026-09-09 13:20:49,669 - INFO - Net PnL:         -12983.90
2026-09-09 13:20:49,669 - INFO -
--- DETAILED TRADE LOG ---
2026-09-09 13:20:49,669 - INFO - Trade #1: NIFTY23650PE (Qty: 500) | Entry: 2026-09-08 09:58 @ ₹172.41 | Exit: 2026-09-08 10:12 @ ₹162.79 | Reason: SL Hit | Net PnL: ₹-5060.90
2026-09-09 13:20:49,670 - INFO - Trade #2: NIFTY23700CE (Qty: 500) | Entry: 2026-09-08 10:13 @ ₹97.38 | Exit: 2026-09-08 10:32 @ ₹91.51 | Reason: SL Hit | Net PnL: ₹-3096.19
2026-09-09 13:20:49,670 - INFO - Trade #3: NIFTY23650CE (Qty: 500) | Entry: 2026-09-08 10:40 @ ₹135.18 | Exit: 2026-09-08 10:53 @ ₹144.29 | Reason: Trailing Take Profit Hit | Net PnL: ₹4332.53
2026-09-09 13:20:49,670 - INFO - Trade #4: NIFTY23650PE (Qty: 500) | Entry: 2026-09-08 11:00 @ ₹152.64 | Exit: 2026-09-08 11:19 @ ₹144.01 | Reason: SL Hit | Net PnL: ₹-4543.13
2026-09-09 13:20:49,670 - INFO - Trade #5: NIFTY23650PE (Qty: 500) | Entry: 2026-09-08 12:01 @ ₹155.43 | Exit: 2026-09-08 12:36 @ ₹146.66 | Reason: SL Hit | Net PnL: ₹-4616.21
2026-09-09 13:20:49,670 - INFO - --------------------------

2026-09-09 13:20:49,672 - INFO - Total Trades:    5
2026-09-09 13:20:49,672 - INFO - Win Rate:        20.00%
2026-09-09 13:20:49,672 - INFO - Gross PnL:       -11892.04
2026-09-09 13:20:49,672 - INFO - Total Taxes:     1091.87
2026-09-09 13:20:49,672 - INFO - ====================================================

2026-09-09 13:20:49,673 - INFO - Calculating indicators...
2026-09-09 13:20:49,697 - INFO - Starting backtest loop...
2026-09-09 13:20:49,735 - INFO -
================= BACKTEST SUMMARY =================
2026-09-09 13:20:49,736 - INFO - Initial Capital: 85810.00
2026-09-09 13:20:49,736 - INFO - Final Capital:   119874.46
2026-09-09 13:20:49,736 - INFO - Net PnL:         34064.46
2026-09-09 13:20:49,736 - INFO -
--- DETAILED TRADE LOG ---
2026-09-09 13:20:49,737 - INFO - Trade #1: NIFTY23550PE (Qty: 500) | Entry: 2026-09-09 09:40 @ ₹152.16 | Exit: 2026-09-09 09:52 @ ₹168.33 | Reason: Trailing Take Profit Hit | Net PnL: ₹7835.23
2026-09-09 13:20:49,737 - INFO - Trade #2: NIFTY23450PE (Qty: 500) | Entry: 2026-09-09 10:00 @ ₹105.94 | Exit: 2026-09-09 10:13 @ ₹99.64 | Reason: SL Hit | Net PnL: ₹-3320.32
2026-09-09 13:20:49,737 - INFO - Trade #3: NIFTY23500CE (Qty: 500) | Entry: 2026-09-09 10:19 @ ₹119.71 | Exit: 2026-09-09 10:34 @ ₹123.51 | Reason: Break Even Hit | Net PnL: ₹1700.25
2026-09-09 13:20:49,737 - INFO - Trade #4: NIFTY23500CE (Qty: 500) | Entry: 2026-09-09 11:23 @ ₹124.59 | Exit: 2026-09-09 11:49 @ ₹125.87 | Reason: Break Even Hit | Net PnL: ₹436.46
2026-09-09 13:20:49,738 - INFO - Trade #5: NIFTY23500PE (Qty: 500) | Entry: 2026-09-09 11:55 @ ₹161.16 | Exit: 2026-09-09 12:25 @ ₹165.38 | Reason: Break Even Hit | Net PnL: ₹1859.34
2026-09-09 13:20:49,738 - INFO - Trade #6: NIFTY23500CE (Qty: 500) | Entry: 2026-09-09 12:31 @ ₹118.04 | Exit: 2026-09-09 13:12 @ ₹128.30 | Reason: Break Even Hit | Net PnL: ₹4926.46
2026-09-09 13:20:49,738 - INFO - Trade #7: NIFTY23550PE (Qty: 500) | Entry: 2026-09-09 14:01 @ ₹112.61 | Exit: 2026-09-09 14:49 @ ₹148.46 | Reason: Trailing Take Profit Hit | Net PnL: ₹17706.28
2026-09-09 13:20:49,738 - INFO - Trade #8: NIFTY23500PE (Qty: 500) | Entry: 2026-09-09 15:02 @ ₹173.58 | Exit: 2026-09-09 15:15 @ ₹179.96 | Reason: MIS Auto Square Off (15:15) | Net PnL: ₹2920.75
2026-09-09 13:20:49,738 - INFO - --------------------------

2026-09-09 13:20:49,739 - INFO - Total Trades:    8
2026-09-09 13:20:49,740 - INFO - Win Rate:        87.50%
2026-09-09 13:20:49,740 - INFO - Gross PnL:       35822.48
2026-09-09 13:20:49,740 - INFO - Total Taxes:     1758.01
2026-09-09 13:20:49,740 - INFO - ====================================================

Fetching Nifty data from 2026-09-01 to 2026-09-30 in chunks...
Downloading chunk: 2026-09-01 to 2026-09-08...
Downloading chunk: 2026-09-08 to 2026-09-15...
Downloading chunk: 2026-09-15 to 2026-09-22...
Downloading chunk: 2026-09-22 to 2026-09-29...
Downloading chunk: 2026-09-29 to 2026-10-01...

🚀 STARTING MULTI-DAY COMPOUNDING BACKTEST 🚀
Initial Starting Capital: ₹50000.00


==================================================
📅 Trading Day: 2026-09-01
💰 Starting Capital Today: ₹50000.00
==================================================

==================================================
📅 Trading Day: 2026-09-02
💰 Starting Capital Today: ₹72529.11
==================================================

==================================================
📅 Trading Day: 2026-09-03
💰 Starting Capital Today: ₹70699.17
==================================================

==================================================
📅 Trading Day: 2026-09-04
💰 Starting Capital Today: ₹84961.74
==================================================

==================================================
📅 Trading Day: 2026-09-07
💰 Starting Capital Today: ₹101084.33
==================================================

==================================================
📅 Trading Day: 2026-09-08
💰 Starting Capital Today: ₹98793.90
==================================================

==================================================
📅 Trading Day: 2026-09-09
💰 Starting Capital Today: ₹85810.00
==================================================

**************************************************
🏁 FINAL COMPOUNDING RESULTS 🏁
Total Return: 139.75%
Final Capital: ₹119874.46
**************************************************
